Component: Arm Compiler for Embedded 6.19 Tool: armlink [5e73cb00]

==============================================================================

Section Cross References

    startup_stm32f407xx.o(STACK) refers (Special) to heapauxi.o(.text) for __use_two_region_memory
    startup_stm32f407xx.o(HEAP) refers (Special) to heapauxi.o(.text) for __use_two_region_memory
    startup_stm32f407xx.o(RESET) refers (Special) to heapauxi.o(.text) for __use_two_region_memory
    startup_stm32f407xx.o(RESET) refers to startup_stm32f407xx.o(STACK) for __initial_sp
    startup_stm32f407xx.o(RESET) refers to startup_stm32f407xx.o(.text) for Reset_Handler
    startup_stm32f407xx.o(RESET) refers to stm32f4xx_it.o(.text.NMI_Handler) for NMI_Handler
    startup_stm32f407xx.o(RESET) refers to stm32f4xx_it.o(.text.HardFault_Handler) for HardFault_Handler
    startup_stm32f407xx.o(RESET) refers to stm32f4xx_it.o(.text.MemManage_Handler) for MemManage_Handler
    startup_stm32f407xx.o(RESET) refers to stm32f4xx_it.o(.text.BusFault_Handler) for BusFault_Handler
    startup_stm32f407xx.o(RESET) refers to stm32f4xx_it.o(.text.UsageFault_Handler) for UsageFault_Handler
    startup_stm32f407xx.o(RESET) refers to port.o(.text.SVC_Handler) for SVC_Handler
    startup_stm32f407xx.o(RESET) refers to stm32f4xx_it.o(.text.DebugMon_Handler) for DebugMon_Handler
    startup_stm32f407xx.o(RESET) refers to port.o(.text.PendSV_Handler) for PendSV_Handler
    startup_stm32f407xx.o(RESET) refers to cmsis_os2.o(.text.SysTick_Handler) for SysTick_Handler
    startup_stm32f407xx.o(RESET) refers to stm32f4xx_it.o(.text.DMA1_Stream2_IRQHandler) for DMA1_Stream2_IRQHandler
    startup_stm32f407xx.o(RESET) refers to stm32f4xx_it.o(.text.DMA1_Stream4_IRQHandler) for DMA1_Stream4_IRQHandler
    startup_stm32f407xx.o(RESET) refers to stm32f4xx_it.o(.text.USART1_IRQHandler) for USART1_IRQHandler
    startup_stm32f407xx.o(RESET) refers to stm32f4xx_it.o(.text.USART2_IRQHandler) for USART2_IRQHandler
    startup_stm32f407xx.o(RESET) refers to stm32f4xx_it.o(.text.USART3_IRQHandler) for USART3_IRQHandler
    startup_stm32f407xx.o(RESET) refers to stm32f4xx_it.o(.text.UART4_IRQHandler) for UART4_IRQHandler
    startup_stm32f407xx.o(RESET) refers to stm32f4xx_it.o(.text.TIM6_DAC_IRQHandler) for TIM6_DAC_IRQHandler
    startup_stm32f407xx.o(RESET) refers to stm32f4xx_it.o(.text.TIM7_IRQHandler) for TIM7_IRQHandler
    startup_stm32f407xx.o(RESET) refers to stm32f4xx_it.o(.text.DMA2_Stream2_IRQHandler) for DMA2_Stream2_IRQHandler
    startup_stm32f407xx.o(RESET) refers to stm32f4xx_it.o(.text.DMA2_Stream7_IRQHandler) for DMA2_Stream7_IRQHandler
    startup_stm32f407xx.o(RESET) refers to stm32f4xx_it.o(.text.USART6_IRQHandler) for USART6_IRQHandler
    startup_stm32f407xx.o(.text) refers (Special) to heapauxi.o(.text) for __use_two_region_memory
    startup_stm32f407xx.o(.text) refers to system_stm32f4xx.o(.text.SystemInit) for SystemInit
    startup_stm32f407xx.o(.text) refers to __main.o(!!!main) for __main
    startup_stm32f407xx.o(.text) refers to startup_stm32f407xx.o(HEAP) for Heap_Mem
    startup_stm32f407xx.o(.text) refers to startup_stm32f407xx.o(STACK) for Stack_Mem
    main.o(.text.main) refers to stm32f4xx_hal.o(.text.HAL_Init) for HAL_Init
    main.o(.text.main) refers to main.o(.text.SystemClock_Config) for SystemClock_Config
    main.o(.text.main) refers to gpio.o(.text.MX_GPIO_Init) for MX_GPIO_Init
    main.o(.text.main) refers to dma.o(.text.MX_DMA_Init) for MX_DMA_Init
    main.o(.text.main) refers to i2c.o(.text.MX_I2C1_Init) for MX_I2C1_Init
    main.o(.text.main) refers to tim.o(.text.MX_TIM1_Init) for MX_TIM1_Init
    main.o(.text.main) refers to tim.o(.text.MX_TIM3_Init) for MX_TIM3_Init
    main.o(.text.main) refers to tim.o(.text.MX_TIM4_Init) for MX_TIM4_Init
    main.o(.text.main) refers to tim.o(.text.MX_TIM5_Init) for MX_TIM5_Init
    main.o(.text.main) refers to tim.o(.text.MX_TIM9_Init) for MX_TIM9_Init
    main.o(.text.main) refers to tim.o(.text.MX_TIM12_Init) for MX_TIM12_Init
    main.o(.text.main) refers to tim.o(.text.MX_TIM6_Init) for MX_TIM6_Init
    main.o(.text.main) refers to usart.o(.text.MX_USART3_UART_Init) for MX_USART3_UART_Init
    main.o(.text.main) refers to i2c.o(.text.MX_I2C2_Init) for MX_I2C2_Init
    main.o(.text.main) refers to usart.o(.text.MX_USART2_UART_Init) for MX_USART2_UART_Init
    main.o(.text.main) refers to usart.o(.text.MX_USART1_UART_Init) for MX_USART1_UART_Init
    main.o(.text.main) refers to usart.o(.text.MX_USART6_UART_Init) for MX_USART6_UART_Init
    main.o(.text.main) refers to usart.o(.text.MX_UART4_Init) for MX_UART4_Init
    main.o(.text.main) refers to my_task.o(.text.MyTask_Init) for MyTask_Init
    main.o(.text.main) refers to cmsis_os2.o(.text.osKernelInitialize) for osKernelInitialize
    main.o(.text.main) refers to freertos.o(.text.MX_FREERTOS_Init) for MX_FREERTOS_Init
    main.o(.text.main) refers to cmsis_os2.o(.text.osKernelStart) for osKernelStart
[...]
    KernelState                              0x20000264   Data           4  cmsis_os2.o(.bss.KernelState)
    [Anonymous Symbol]                       0x20000264   Section        0  cmsis_os2.o(.bss.KernelState)
    Led_Task.cnt                             0x20000268   Data           2  my_task.o(.bss.Led_Task.cnt)
    [Anonymous Symbol]                       0x20000268   Section        0  my_task.o(.bss.Led_Task.cnt)
    prvCheckForValidListAndQueue.ucStaticTimerQueueStorage 0x20000844   Data         160  timers.o(.bss.prvCheckForValidListAndQueue.ucStaticTimerQueueStorage)
    [Anonymous Symbol]                       0x20000844   Section        0  timers.o(.bss.prvCheckForValidListAndQueue.ucStaticTimerQueueStorage)
    prvCheckForValidListAndQueue.xStaticTimerQueue 0x200008e4   Data          80  timers.o(.bss.prvCheckForValidListAndQueue.xStaticTimerQueue)
    [Anonymous Symbol]                       0x200008e4   Section        0  timers.o(.bss.prvCheckForValidListAndQueue.xStaticTimerQueue)
    pxReadyTasksLists                        0x20000934   Data        1120  tasks.o(.bss.pxReadyTasksLists)
    [Anonymous Symbol]                       0x20000934   Section        0  tasks.o(.bss.pxReadyTasksLists)
    rx_buff                                  0x20000d94   Data         100  jy901p.o(.bss.rx_buff)
    [Anonymous Symbol]                       0x20000d94   Section        0  jy901p.o(.bss.rx_buff)
    ucHeap                                   0x20000df8   Data       15360  heap_4.o(.bss.ucHeap)
    [Anonymous Symbol]                       0x20000df8   Section        0  heap_4.o(.bss.ucHeap)
    vApplicationGetIdleTaskMemory.Idle_Stack 0x200049fc   Data         512  cmsis_os2.o(.bss.vApplicationGetIdleTaskMemory.Idle_Stack)
    [Anonymous Symbol]                       0x200049fc   Section        0  cmsis_os2.o(.bss.vApplicationGetIdleTaskMemory.Idle_Stack)
    vApplicationGetIdleTaskMemory.Idle_TCB   0x20004bfc   Data          92  cmsis_os2.o(.bss.vApplicationGetIdleTaskMemory.Idle_TCB)
    [Anonymous Symbol]                       0x20004bfc   Section        0  cmsis_os2.o(.bss.vApplicationGetIdleTaskMemory.Idle_TCB)
    vApplicationGetTimerTaskMemory.Timer_Stack 0x20004c58   Data        1024  cmsis_os2.o(.bss.vApplicationGetTimerTaskMemory.Timer_Stack)
    [Anonymous Symbol]                       0x20004c58   Section        0  cmsis_os2.o(.bss.vApplicationGetTimerTaskMemory.Timer_Stack)
    vApplicationGetTimerTaskMemory.Timer_TCB 0x20005058   Data          92  cmsis_os2.o(.bss.vApplicationGetTimerTaskMemory.Timer_TCB)
    [Anonymous Symbol]                       0x20005058   Section        0  cmsis_os2.o(.bss.vApplicationGetTimerTaskMemory.Timer_TCB)
    Heap_Mem                                 0x200050f8   Data         512  startup_stm32f407xx.o(HEAP)
    HEAP                                     0x200050f8   Section      512  startup_stm32f407xx.o(HEAP)
    Stack_Mem                                0x200052f8   Data        1024  startup_stm32f407xx.o(STACK)
    STACK                                    0x200052f8   Section     1024  startup_stm32f407xx.o(STACK)
    __initial_sp                             0x200056f8   Data           0  startup_stm32f407xx.o(STACK)

    Global Symbols

    Symbol Name                              Value     Ov Type        Size  Object(Section)

    BuildAttributes$$THM_ISAv4$E$P$D$K$B$S$7EM$VFPi3$EXTD16$VFPS$VFMA$PE$A:L22UL41UL21$X:L11$S22US41US21$IEEE1$IW$~IW$USESV6$~STKCKD$USESV7$~SHL$OTIME$ROPI$EBA8$UX$STANDARDLIB$REQ8$PRES8$EABIv2 0x00000000   Number         0  anon$$obj.o ABSOLUTE
    __ARM_exceptions_init                     - Undefined Weak Reference
    __alloca_initialize                       - Undefined Weak Reference
    __arm_preinit_                            - Undefined Weak Reference
    __arm_relocate_pie_                       - Undefined Weak Reference
    __cpp_initialize__aeabi_                  - Undefined Weak Reference
    __cxa_finalize                            - Undefined Weak Reference
    __sigvec_lookup                           - Undefined Weak Reference
    _atexit_init                              - Undefined Weak Reference
    _call_atexit_fns                          - Undefined Weak Reference
    _clock_init                               - Undefined Weak Reference
    _fp_trap_init                             - Undefined Weak Reference
    _fp_trap_shutdown                         - Undefined Weak Reference
    _get_lc_collate                           - Undefined Weak Reference
    _get_lc_monetary                          - Undefined Weak Reference
    _get_lc_numeric                           - Undefined Weak Reference
    _get_lc_time                              - Undefined Weak Reference
    _getenv_init                              - Undefined Weak Reference
    _handle_redirection                       - Undefined Weak Reference
    _init_alloc                               - Undefined Weak Reference
    _init_user_alloc                          - Undefined Weak Reference
    _initio                                   - Undefined Weak Reference
    _rand_init                                - Undefined Weak Reference
    _scanf_longlong                           - Undefined Weak Reference
    _scanf_mbtowc                             - Undefined Weak Reference
    _scanf_real                               - Undefined Weak Reference
    _scanf_string                             - Undefined Weak Reference
    _scanf_wctomb                             - Undefined Weak Reference
    _scanf_wstring                            - Undefined Weak Reference
    _signal_finish                            - Undefined Weak Reference
    _signal_init                              - Undefined Weak Reference
    _terminate_alloc                          - Undefined Weak Reference
    _terminate_user_alloc                     - Undefined Weak Reference
    _terminateio                              - Undefined Weak Reference
    __Vectors_Size                           0x00000188   Number         0  startup_stm32f407xx.o ABSOLUTE
    __Vectors                                0x08000000   Data           4  startup_stm32f407xx.o(RESET)
    __Vectors_End                            0x08000188   Data           0  startup_stm32f407xx.o(RESET)
    __main                                   0x08000189   Thumb Code     8  __main.o(!!!main)
    __scatterload                            0x08000191   Thumb Code     0  __scatter.o(!!!scatter)
    __scatterload_rt2                        0x08000191   Thumb Code    44  __scatter.o(!!!scatter)
    __scatterload_rt2_thumb_only             0x08000191   Thumb Code     0  __scatter.o(!!!scatter)
    __scatterload_null                       0x0800019f   Thumb Code     0  __scatter.o(!!!scatter)
    __scatterload_copy                       0x080001c5   Thumb Code    26  __scatter_copy.o(!!handler_copy)
    __scatterload_zeroinit                   0x080001e1   Thumb Code    28  __scatter_zi.o(!!handler_zi)
    __rt_lib_init                            0x080001fd   Thumb Code     0  libinit.o(.ARM.Collect$$libinit$$00000000)
    __rt_lib_init_fp_1                       0x080001ff   Thumb Code     0  libinit2.o(.ARM.Collect$$libinit$$00000001)
    __rt_lib_init_heap_1                     0x08000203   Thumb Code     0  libinit2.o(.ARM.Collect$$libinit$$0000000C)
    __rt_lib_init_lc_common                  0x08000203   Thumb Code     0  libinit2.o(.ARM.Collect$$libinit$$00000011)
    __rt_lib_init_preinit_1                  0x08000203   Thumb Code     0  libinit2.o(.ARM.Collect$$libinit$$00000006)
    __rt_lib_init_rand_1                     0x08000203   Thumb Code     0  libinit2.o(.ARM.Collect$$libinit$$00000010)
    __rt_lib_init_relocate_pie_1             0x08000203   Thumb Code     0  libinit2.o(.ARM.Collect$$libinit$$00000004)
    __rt_lib_init_user_alloc_1               0x08000203   Thumb Code     0  libinit2.o(.ARM.Collect$$libinit$$0000000E)
    __rt_lib_init_lc_collate_1               0x08000209   Thumb Code     0  libinit2.o(.ARM.Collect$$libinit$$00000013)
    __rt_lib_init_lc_ctype_2                 0x08000209   Thumb Code     0  libinit2.o(.ARM.Collect$$libinit$$00000014)
    __rt_lib_init_alloca_1                   0x08000215   Thumb Code     0  libinit2.o(.ARM.Collect$$libinit$$00000030)
    __rt_lib_init_argv_1                     0x08000215   Thumb Code     0  libinit2.o(.ARM.Collect$$libinit$$0000002E)
    __rt_lib_init_atexit_1                   0x08000215   Thumb Code     0  libinit2.o(.ARM.Collect$$libinit$$0000001D)
    __rt_lib_init_clock_1                    0x08000215   Thumb Code     0  libinit2.o(.ARM.Collect$$libinit$$00000023)
    __rt_lib_init_cpp_1                      0x08000215   Thumb Code     0  libinit2.o(.ARM.Collect$$libinit$$00000034)
    __rt_lib_init_exceptions_1               0x08000215   Thumb Code     0  libinit2.o(.ARM.Collect$$libinit$$00000032)
    __rt_lib_init_fp_trap_1                  0x08000215   Thumb Code     0  libinit2.o(.ARM.Collect$$libinit$$00000021)
    __rt_lib_init_getenv_1                   0x08000215   Thumb Code     0  libinit2.o(.ARM.Collect$$libinit$$00000025)
    __rt_lib_init_lc_ctype_1                 0x08000215   Thumb Code     0  libinit2.o(.ARM.Collect$$libinit$$00000015)
    __rt_lib_init_lc_monetary_1              0x08000215   Thumb Code     0  libinit2.o(.ARM.Collect$$libinit$$00000017)
    __rt_lib_init_lc_numeric_1               0x08000215   Thumb Code     0  libinit2.o(.ARM.Collect$$libinit$$00000019)
    __rt_lib_init_lc_time_1                  0x08000215   Thumb Code     0  libinit2.o(.ARM.Collect$$libinit$$0000001B)
    __rt_lib_init_return                     0x08000215   Thumb Code     0  libinit2.o(.ARM.Collect$$libinit$$00000035)
    __rt_lib_init_signal_1                   0x08000215   Thumb Code     0  libinit2.o(.ARM.Collect$$libinit$$0000001F)
    __rt_lib_init_stdio_1                    0x08000215   Thumb Code     0  libinit2.o(.ARM.Collect$$libinit$$00000027)
    __rt_lib_shutdown                        0x08000217   Thumb Code     0  libshutdown.o(.ARM.Collect$$libshutdown$$00000000)
    __rt_lib_shutdown_cpp_1                  0x08000219   Thumb Code     0  libshutdown2.o(.ARM.Collect$$libshutdown$$00000002)
    __rt_lib_shutdown_fp_trap_1              0x08000219   Thumb Code     0  libshutdown2.o(.ARM.Collect$$libshutdown$$00000007)
    __rt_lib_shutdown_heap_1                 0x08000219   Thumb Code     0  libshutdown2.o(.ARM.Collect$$libshutdown$$0000000F)
    __rt_lib_shutdown_return                 0x08000219   Thumb Code     0  libshutdown2.o(.ARM.Collect$$libshutdown$$00000010)
    __rt_lib_shutdown_signal_1               0x08000219   Thumb Code     0  libshutdown2.o(.ARM.Collect$$libshutdown$$0000000A)
    __rt_lib_shutdown_stdio_1                0x08000219   Thumb Code     0  libshutdown2.o(.ARM.Collect$$libshutdown$$00000004)
    __rt_lib_shutdown_user_alloc_1           0x08000219   Thumb Code     0  libshutdown2.o(.ARM.Collect$$libshutdown$$0000000C)
    __rt_entry                               0x0800021b   Thumb Code     0  __rtentry.o(.ARM.Collect$$rtentry$$00000000)
    __rt_entry_presh_1                       0x0800021b   Thumb Code     0  __rtentry2.o(.ARM.Collect$$rtentry$$00000002)
    __rt_entry_sh                            0x0800021b   Thumb Code     0  __rtentry4.o(.ARM.Collect$$rtentry$$00000004)
    __rt_entry_li                            0x08000221   Thumb Code     0  __rtentry2.o(.ARM.Collect$$rtentry$$0000000A)
    __rt_entry_postsh_1                      0x08000221   Thumb Code     0  __rtentry2.o(.ARM.Collect$$rtentry$$00000009)
    __rt_entry_main                          0x08000225   Thumb Code     0  __rtentry2.o(.ARM.Collect$$rtentry$$0000000D)
    __rt_entry_postli_1                      0x08000225   Thumb Code     0  __rtentry2.o(.ARM.Collect$$rtentry$$0000000C)
    __rt_exit                                0x0800022d   Thumb Code     0  rtexit.o(.ARM.Collect$$rtexit$$00000000)
    __rt_exit_ls                             0x0800022f   Thumb Code     0  rtexit2.o(.ARM.Collect$$rtexit$$00000003)
    __rt_exit_prels_1                        0x0800022f   Thumb Code     0  rtexit2.o(.ARM.Collect$$rtexit$$00000002)
    __rt_exit_exit                           0x08000233   Thumb Code     0  rtexit2.o(.ARM.Collect$$rtexit$$00000004)
    Reset_Handler                            0x08000239   Thumb Code     8  startup_stm32f407xx.o(.text)
    ADC_IRQHandler                           0x08000253   Thumb Code     0  startup_stm32f407xx.o(.text)
    CAN1_RX0_IRQHandler                      0x08000253   Thumb Code     0  startup_stm32f407xx.o(.text)
    CAN1_RX1_IRQHandler                      0x08000253   Thumb Code     0  startup_stm32f407xx.o(.text)
    CAN1_SCE_IRQHandler                      0x08000253   Thumb Code     0  startup_stm32f407xx.o(.text)
    CAN1_TX_IRQHandler                       0x08000253   Thumb Code     0  startup_stm32f407xx.o(.text)
    CAN2_RX0_IRQHandler                      0x08000253   Thumb Code     0  startup_stm32f407xx.o(.text)
    CAN2_RX1_IRQHandler                      0x08000253   Thumb Code     0  startup_stm32f407xx.o(.text)
    CAN2_SCE_IRQHandler                      0x08000253   Thumb Code     0  startup_stm32f407xx.o(.text)
    CAN2_TX_IRQHandler                       0x08000253   Thumb Code     0  startup_stm32f407xx.o(.text)
    DCMI_IRQHandler                          0x08000253   Thumb Code     0  startup_stm32f407xx.o(.text)
    DMA1_Stream0_IRQHandler                  0x08000253   Thumb Code     0  startup_stm32f407xx.o(.text)
    DMA1_Stream1_IRQHandler                  0x08000253   Thumb Code     0  startup_stm32f407xx.o(.text)
    DMA1_Stream3_IRQHandler                  0x08000253   Thumb Code     0  startup_stm32f407xx.o(.text)
    DMA1_Stream5_IRQHandler                  0x08000253   Thumb Code     0  startup_stm32f407xx.o(.text)
    DMA1_Stream6_IRQHandler                  0x08000253   Thumb Code     0  startup_stm32f407xx.o(.text)
    DMA1_Stream7_IRQHandler                  0x08000253   Thumb Code     0  startup_stm32f407xx.o(.text)
    DMA2_Stream0_IRQHandler                  0x08000253   Thumb Code     0  startup_stm32f407xx.o(.text)
    DMA2_Stream1_IRQHandler                  0x08000253   Thumb Code     0  startup_stm32f407xx.o(.text)
    DMA2_Stream3_IRQHandler                  0x08000253   Thumb Code     0  startup_stm32f407xx.o(.text)
    DMA2_Stream4_IRQHandler                  0x08000253   Thumb Code     0  startup_stm32f407xx.o(.text)
    DMA2_Stream5_IRQHandler                  0x08000253   Thumb Code     0  startup_stm32f407xx.o(.text)
    DMA2_Stream6_IRQHandler                  0x08000253   Thumb Code     0  startup_stm32f407xx.o(.text)
    ETH_IRQHandler                           0x08000253   Thumb Code     0  startup_stm32f407xx.o(.text)
    ETH_WKUP_IRQHandler                      0x08000253   Thumb Code     0  startup_stm32f407xx.o(.text)
    EXTI0_IRQHandler                         0x08000253   Thumb Code     0  startup_stm32f407xx.o(.text)
    EXTI15_10_IRQHandler                     0x08000253   Thumb Code     0  startup_stm32f407xx.o(.text)
    EXTI1_IRQHandler                         0x08000253   Thumb Code     0  startup_stm32f407xx.o(.text)
    EXTI2_IRQHandler                         0x08000253   Thumb Code     0  startup_stm32f407xx.o(.text)
    EXTI3_IRQHandler                         0x08000253   Thumb Code     0  startup_stm32f407xx.o(.text)
    EXTI4_IRQHandler                         0x08000253   Thumb Code     0  startup_stm32f407xx.o(.text)
    EXTI9_5_IRQHandler                       0x08000253   Thumb Code     0  startup_stm32f407xx.o(.text)
    FLASH_IRQHandler                         0x08000253   Thumb Code     0  startup_stm32f407xx.o(.text)
    FMC_IRQHandler                           0x08000253   Thumb Code     0  startup_stm32f407xx.o(.text)
    FPU_IRQHandler                           0x08000253   Thumb Code     0  startup_stm32f407xx.o(.text)
    HASH_RNG_IRQHandler                      0x08000253   Thumb Code     0  startup_stm32f407xx.o(.text)
    I2C1_ER_IRQHandler                       0x08000253   Thumb Code     0  startup_stm32f407xx.o(.text)
    I2C1_EV_IRQHandler                       0x08000253   Thumb Code     0  startup_stm32f407xx.o(.text)
    I2C2_ER_IRQHandler                       0x08000253   Thumb Code     0  startup_stm32f407xx.o(.text)
    I2C2_EV_IRQHandler                       0x08000253   Thumb Code     0  startup_stm32f407xx.o(.text)
    I2C3_ER_IRQHandler                       0x08000253   Thumb Code     0  startup_stm32f407xx.o(.text)
    I2C3_EV_IRQHandler                       0x08000253   Thumb Code     0  startup_stm32f407xx.o(.text)
    OTG_FS_IRQHandler                        0x08000253   Thumb Code     0  startup_stm32f407xx.o(.text)
    OTG_FS_WKUP_IRQHandler                   0x08000253   Thumb Code     0  startup_stm32f407xx.o(.text)
    OTG_HS_EP1_IN_IRQHandler                 0x08000253   Thumb Code     0  startup_stm32f407xx.o(.text)
    OTG_HS_EP1_OUT_IRQHandler                0x08000253   Thumb Code     0  startup_stm32f407xx.o(.text)
    OTG_HS_IRQHandler                        0x08000253   Thumb Code     0  startup_stm32f407xx.o(.text)
    OTG_HS_WKUP_IRQHandler                   0x08000253   Thumb Code     0  startup_stm32f407xx.o(.text)
    PVD_IRQHandler                           0x08000253   Thumb Code     0  startup_stm32f407xx.o(.text)
    RCC_IRQHandler                           0x08000253   Thumb Code     0  startup_stm32f407xx.o(.text)
    RTC_Alarm_IRQHandler                     0x08000253   Thumb Code     0  startup_stm32f407xx.o(.text)
    RTC_WKUP_IRQHandler                      0x08000253   Thumb Code     0  startup_stm32f407xx.o(.text)
    SDIO_IRQHandler                          0x08000253   Thumb Code     0  startup_stm32f407xx.o(.text)
    SPI1_IRQHandler                          0x08000253   Thumb Code     0  startup_stm32f407xx.o(.text)
    SPI2_IRQHandler                          0x08000253   Thumb Code     0  startup_stm32f407xx.o(.text)
    SPI3_IRQHandler                          0x08000253   Thumb Code     0  startup_stm32f407xx.o(.text)
    TAMP_STAMP_IRQHandler                    0x08000253   Thumb Code     0  startup_stm32f407xx.o(.text)
    TIM1_BRK_TIM9_IRQHandler                 0x08000253   Thumb Code     0  startup_stm32f407xx.o(.text)
    TIM1_CC_IRQHandler                       0x08000253   Thumb Code     0  startup_stm32f407xx.o(.text)
    TIM1_TRG_COM_TIM11_IRQHandler            0x08000253   Thumb Code     0  startup_stm32f407xx.o(.text)
    TIM1_UP_TIM10_IRQHandler                 0x08000253   Thumb Code     0  startup_stm32f407xx.o(.text)
    TIM2_IRQHandler                          0x08000253   Thumb Code     0  startup_stm32f407xx.o(.text)
    TIM3_IRQHandler                          0x08000253   Thumb Code     0  startup_stm32f407xx.o(.text)
    TIM4_IRQHandler                          0x08000253   Thumb Code     0  startup_stm32f407xx.o(.text)
    TIM5_IRQHandler                          0x08000253   Thumb Code     0  startup_stm32f407xx.o(.text)
    TIM8_BRK_TIM12_IRQHandler                0x08000253   Thumb Code     0  startup_stm32f407xx.o(.text)
    TIM8_CC_IRQHandler                       0x08000253   Thumb Code     0  startup_stm32f407xx.o(.text)
    TIM8_TRG_COM_TIM14_IRQHandler            0x08000253   Thumb Code     0  startup_stm32f407xx.o(.text)
    TIM8_UP_TIM13_IRQHandler                 0x08000253   Thumb Code     0  startup_stm32f407xx.o(.text)
    UART5_IRQHandler                         0x08000253   Thumb Code     0  startup_stm32f407xx.o(.text)
    WWDG_IRQHandler                          0x08000253   Thumb Code     0  startup_stm32f407xx.o(.text)
    __user_initial_stackheap                 0x08000255   Thumb Code     0  startup_stm32f407xx.o(.text)
    __aeabi_uldivmod                         0x08000279   Thumb Code     0  lludivv7m.o(.text)
    _ll_udiv                                 0x08000279   Thumb Code   240  lludivv7m.o(.text)
    __0sscanf                                0x08000369   Thumb Code    52  __0sscanf.o(.text)
    _scanf_int                               0x080003a5   Thumb Code   332  _scanf_int.o(.text)
    __aeabi_memcpy                           0x080004f1   Thumb Code     0  rt_memcpy_v6.o(.text)
    __rt_memcpy                              0x080004f1   Thumb Code   138  rt_memcpy_v6.o(.text)
    _memcpy_lastbytes                        0x08000557   Thumb Code     0  rt_memcpy_v6.o(.text)
    __aeabi_memset4                          0x0800057b   Thumb Code    16  aeabi_memset4.o(.text)
    __aeabi_memset8                          0x0800057b   Thumb Code     0  aeabi_memset4.o(.text)
    __aeabi_memclr4                          0x0800058b   Thumb Code     0  rt_memclr_w.o(.text)
    __aeabi_memclr8                          0x0800058b   Thumb Code     0  rt_memclr_w.o(.text)
    __rt_memclr_w                            0x0800058b   Thumb Code     0  rt_memclr_w.o(.text)
    _memset_w                                0x0800058f   Thumb Code    74  rt_memclr_w.o(.text)
    __use_two_region_memory                  0x080005d9   Thumb Code     2  heapauxi.o(.text)
    __rt_heap_escrow$2region                 0x080005db   Thumb Code     2  heapauxi.o(.text)
    __rt_heap_expand$2region                 0x080005dd   Thumb Code     2  heapauxi.o(.text)
    _chval                                   0x080005df   Thumb Code    28  _chval.o(.text)
    __vfscanf_char                           0x08000609   Thumb Code    24  scanf_char.o(.text)
    _sgetc                                   0x08000629   Thumb Code    30  _sgetc.o(.text)
    _sbackspace                              0x08000647   Thumb Code    34  _sgetc.o(.text)
    __aeabi_memcpy4                          0x08000669   Thumb Code     0  rt_memcpy_w.o(.text)
    __aeabi_memcpy8                          0x08000669   Thumb Code     0  rt_memcpy_w.o(.text)
    __rt_memcpy_w                            0x08000669   Thumb Code   100  rt_memcpy_w.o(.text)
    _memcpy_lastbytes_aligned                0x080006b1   Thumb Code     0  rt_memcpy_w.o(.text)
    isspace                                  0x080006cd   Thumb Code    18  isspace.o(.text)
    __vfscanf                                0x080006e1   Thumb Code   878  _scanf.o(.text)
    __user_setup_stackheap                   0x08000a55   Thumb Code    74  sys_stackheap_outer.o(.text)
    __rt_ctype_table                         0x08000aa1   Thumb Code    16  rt_ctype_table.o(.text)
    exit                                     0x08000ab1   Thumb Code    18  exit.o(.text)
    __user_libspace                          0x08000ac5   Thumb Code     8  libspace.o(.text)
    __user_perproc_libspace                  0x08000ac5   Thumb Code     0  libspace.o(.text)
    __user_perthread_libspace                0x08000ac5   Thumb Code     0  libspace.o(.text)
    __rt_locale                              0x08000acd   Thumb Code     8  rt_locale_intlibspace.o(.text)
    _sys_exit                                0x08000ad5   Thumb Code     8  sys_exit.o(.text)
    strcmp                                   0x08000ae1   Thumb Code   124  strcmpv7em.o(.text)
    __I$use$semihosting                      0x08000b5d   Thumb Code     0  use_no_semi.o(.text)
    __use_no_semihosting_swi                 0x08000b5d   Thumb Code     2  use_no_semi.o(.text)
    __semihosting_library_function           0x08000b5f   Thumb Code     0  indicate_semi.o(.text)
    BusFault_Handler                         0x08000b61   Thumb Code     2  stm32f4xx_it.o(.text.BusFault_Handler)
    DMA1_Stream2_IRQHandler                  0x08000b65   Thumb Code    12  stm32f4xx_it.o(.text.DMA1_Stream2_IRQHandler)
    DMA1_Stream4_IRQHandler                  0x08000b71   Thumb Code    12  stm32f4xx_it.o(.text.DMA1_Stream4_IRQHandler)
    DMA2_Stream2_IRQHandler                  0x08000b7d   Thumb Code    12  stm32f4xx_it.o(.text.DMA2_Stream2_IRQHandler)
    DMA2_Stream7_IRQHandler                  0x08000b89   Thumb Code    12  stm32f4xx_it.o(.text.DMA2_Stream7_IRQHandler)
    DebugMon_Handler                         0x08000b95   Thumb Code     2  stm32f4xx_it.o(.text.DebugMon_Handler)
    Debug_Task                               0x08000b99   Thumb Code    16  my_task.o(.text.Debug_Task)
    Emm_V5_Pos_Control                       0x08000ba9   Thumb Code   102  stepper_motor.o(.text.Emm_V5_Pos_Control)
    Error_Handler                            0x08000c11   Thumb Code     6  main.o(.text.Error_Handler)
    HAL_DMA_Abort                            0x08000c19   Thumb Code   142  stm32f4xx_hal_dma.o(.text.HAL_DMA_Abort)
    HAL_DMA_Abort_IT                         0x08000ca9   Thumb Code    36  stm32f4xx_hal_dma.o(.text.HAL_DMA_Abort_IT)
    HAL_DMA_IRQHandler                       0x08000ccd   Thumb Code   448  stm32f4xx_hal_dma.o(.text.HAL_DMA_IRQHandler)
    HAL_DMA_Init                             0x08000e8d   Thumb Code   354  stm32f4xx_hal_dma.o(.text.HAL_DMA_Init)
    HAL_DMA_Start_IT                         0x08000ff1   Thumb Code   158  stm32f4xx_hal_dma.o(.text.HAL_DMA_Start_IT)
    HAL_GPIO_Init                            0x08001091   Thumb Code   422  stm32f4xx_hal_gpio.o(.text.HAL_GPIO_Init)
    HAL_GPIO_ReadPin                         0x08001239   Thumb Code    10  stm32f4xx_hal_gpio.o(.text.HAL_GPIO_ReadPin)
    HAL_GPIO_TogglePin                       0x08001245   Thumb Code    16  stm32f4xx_hal_gpio.o(.text.HAL_GPIO_TogglePin)
    HAL_GPIO_WritePin                        0x08001255   Thumb Code    10  stm32f4xx_hal_gpio.o(.text.HAL_GPIO_WritePin)
    HAL_GetTick                              0x08001261   Thumb Code    12  stm32f4xx_hal.o(.text.HAL_GetTick)
    HAL_I2C_Init                             0x0800126d   Thumb Code   374  stm32f4xx_hal_i2c.o(.text.HAL_I2C_Init)
    HAL_I2C_MspInit                          0x080013e5   Thumb Code   218  i2c.o(.text.HAL_I2C_MspInit)
    HAL_IncTick                              0x080014c1   Thumb Code    26  stm32f4xx_hal.o(.text.HAL_IncTick)
    HAL_Init                                 0x080014dd   Thumb Code    54  stm32f4xx_hal.o(.text.HAL_Init)
    HAL_InitTick                             0x08001515   Thumb Code   188  stm32f4xx_hal_timebase_tim.o(.text.HAL_InitTick)
    HAL_MspInit                              0x080015d1   Thumb Code    66  stm32f4xx_hal_msp.o(.text.HAL_MspInit)
    HAL_NVIC_EnableIRQ                       0x08001615   Thumb Code    38  stm32f4xx_hal_cortex.o(.text.HAL_NVIC_EnableIRQ)
    HAL_NVIC_SetPriority                     0x0800163d   Thumb Code    86  stm32f4xx_hal_cortex.o(.text.HAL_NVIC_SetPriority)
    HAL_NVIC_SetPriorityGrouping             0x08001695   Thumb Code    32  stm32f4xx_hal_cortex.o(.text.HAL_NVIC_SetPriorityGrouping)
    HAL_RCC_ClockConfig                      0x080016b5   Thumb Code   352  stm32f4xx_hal_rcc.o(.text.HAL_RCC_ClockConfig)
    HAL_RCC_GetClockConfig                   0x08001815   Thumb Code    62  stm32f4xx_hal_rcc.o(.text.HAL_RCC_GetClockConfig)
    HAL_RCC_GetPCLK1Freq                     0x08001855   Thumb Code    38  stm32f4xx_hal_rcc.o(.text.HAL_RCC_GetPCLK1Freq)
    HAL_RCC_GetPCLK2Freq                     0x0800187d   Thumb Code    38  stm32f4xx_hal_rcc.o(.text.HAL_RCC_GetPCLK2Freq)
    HAL_RCC_GetSysClockFreq                  0x080018a5   Thumb Code   108  stm32f4xx_hal_rcc.o(.text.HAL_RCC_GetSysClockFreq)
    HAL_RCC_OscConfig                        0x08001911   Thumb Code   884  stm32f4xx_hal_rcc.o(.text.HAL_RCC_OscConfig)
    HAL_TIMEx_BreakCallback                  0x08001c85   Thumb Code     2  stm32f4xx_hal_tim_ex.o(.text.HAL_TIMEx_BreakCallback)
    HAL_TIMEx_CommutCallback                 0x08001c89   Thumb Code     2  stm32f4xx_hal_tim_ex.o(.text.HAL_TIMEx_CommutCallback)
    HAL_TIMEx_MasterConfigSynchronization    0x08001c8d   Thumb Code   182  stm32f4xx_hal_tim_ex.o(.text.HAL_TIMEx_MasterConfigSynchronization)
    HAL_TIM_Base_Init                        0x08001d45   Thumb Code    90  stm32f4xx_hal_tim.o(.text.HAL_TIM_Base_Init)
    HAL_TIM_Base_MspInit                     0x08001da1   Thumb Code   166  tim.o(.text.HAL_TIM_Base_MspInit)
    HAL_TIM_Base_Start_IT                    0x08001e49   Thumb Code   170  stm32f4xx_hal_tim.o(.text.HAL_TIM_Base_Start_IT)
    HAL_TIM_ConfigClockSource                0x08001ef5   Thumb Code   412  stm32f4xx_hal_tim.o(.text.HAL_TIM_ConfigClockSource)
    HAL_TIM_Encoder_Init                     0x08002091   Thumb Code   178  stm32f4xx_hal_tim.o(.text.HAL_TIM_Encoder_Init)
    HAL_TIM_Encoder_MspInit                  0x08002145   Thumb Code   360  tim.o(.text.HAL_TIM_Encoder_MspInit)
    HAL_TIM_IC_CaptureCallback               0x080022ad   Thumb Code     2  stm32f4xx_hal_tim.o(.text.HAL_TIM_IC_CaptureCallback)
    HAL_TIM_IRQHandler                       0x080022b1   Thumb Code   334  stm32f4xx_hal_tim.o(.text.HAL_TIM_IRQHandler)
    HAL_TIM_OC_DelayElapsedCallback          0x08002401   Thumb Code     2  stm32f4xx_hal_tim.o(.text.HAL_TIM_OC_DelayElapsedCallback)
    HAL_TIM_PWM_ConfigChannel                0x08002405   Thumb Code   546  stm32f4xx_hal_tim.o(.text.HAL_TIM_PWM_ConfigChannel)
    HAL_TIM_PWM_Init                         0x08002629   Thumb Code    90  stm32f4xx_hal_tim.o(.text.HAL_TIM_PWM_Init)
    HAL_TIM_PWM_MspInit                      0x08002685   Thumb Code     2  stm32f4xx_hal_tim.o(.text.HAL_TIM_PWM_MspInit)
    HAL_TIM_PWM_PulseFinishedCallback        0x08002689   Thumb Code     2  stm32f4xx_hal_tim.o(.text.HAL_TIM_PWM_PulseFinishedCallback)
    HAL_TIM_PWM_Start                        0x0800268d   Thumb Code   274  stm32f4xx_hal_tim.o(.text.HAL_TIM_PWM_Start)
    HAL_TIM_PeriodElapsedCallback            0x080027a1   Thumb Code    20  main.o(.text.HAL_TIM_PeriodElapsedCallback)
    HAL_TIM_TriggerCallback                  0x080027b5   Thumb Code     2  stm32f4xx_hal_tim.o(.text.HAL_TIM_TriggerCallback)
    HAL_UARTEx_ReceiveToIdle_IT              0x080027b9   Thumb Code   200  stm32f4xx_hal_uart.o(.text.HAL_UARTEx_ReceiveToIdle_IT)
    HAL_UARTEx_RxEventCallback               0x08002881   Thumb Code    88  k230.o(.text.HAL_UARTEx_RxEventCallback)
    HAL_UART_ErrorCallback                   0x080028f1   Thumb Code     2  stm32f4xx_hal_uart.o(.text.HAL_UART_ErrorCallback)
    HAL_UART_IRQHandler                      0x080028f5   Thumb Code  1412  stm32f4xx_hal_uart.o(.text.HAL_UART_IRQHandler)
    HAL_UART_Init                            0x08002e79   Thumb Code    96  stm32f4xx_hal_uart.o(.text.HAL_UART_Init)
    HAL_UART_MspInit                         0x08002ed9   Thumb Code   804  usart.o(.text.HAL_UART_MspInit)
    HAL_UART_Receive_IT                      0x080031fd   Thumb Code    82  stm32f4xx_hal_uart.o(.text.HAL_UART_Receive_IT)
    HAL_UART_RxCpltCallback                  0x08003251   Thumb Code    18  my_task.o(.text.HAL_UART_RxCpltCallback)
    HAL_UART_Transmit_DMA                    0x08003265   Thumb Code   204  stm32f4xx_hal_uart.o(.text.HAL_UART_Transmit_DMA)
    HAL_UART_TxCpltCallback                  0x08003331   Thumb Code    68  tripod_head_task.o(.text.HAL_UART_TxCpltCallback)
    HAL_UART_TxHalfCpltCallback              0x08003375   Thumb Code     2  stm32f4xx_hal_uart.o(.text.HAL_UART_TxHalfCpltCallback)
    HardFault_Handler                        0x08003379   Thumb Code     2  stm32f4xx_it.o(.text.HardFault_Handler)
    JY_UART_RxCpltCallback                   0x0800337d   Thumb Code   162  jy901p.o(.text.JY_UART_RxCpltCallback)
    KeyProc                                  0x08003421   Thumb Code   146  key.o(.text.KeyProc)
    Led_Task                                 0x080034b5   Thumb Code    78  my_task.o(.text.Led_Task)
    MX_DMA_Init                              0x08003505   Thumb Code   124  dma.o(.text.MX_DMA_Init)
    MX_FREERTOS_Init                         0x08003581   Thumb Code    36  freertos.o(.text.MX_FREERTOS_Init)
    MX_GPIO_Init                             0x080035a5   Thumb Code   292  gpio.o(.text.MX_GPIO_Init)
    MX_I2C1_Init                             0x080036c9   Thumb Code    62  i2c.o(.text.MX_I2C1_Init)
    MX_I2C2_Init                             0x08003709   Thumb Code    66  i2c.o(.text.MX_I2C2_Init)
    MX_TIM12_Init                            0x0800374d   Thumb Code   304  tim.o(.text.MX_TIM12_Init)
    MX_TIM1_Init                             0x0800387d   Thumb Code   110  tim.o(.text.MX_TIM1_Init)
    MX_TIM3_Init                             0x080038ed   Thumb Code   106  tim.o(.text.MX_TIM3_Init)
    MX_TIM4_Init                             0x08003959   Thumb Code   110  tim.o(.text.MX_TIM4_Init)
    MX_TIM5_Init                             0x080039c9   Thumb Code   106  tim.o(.text.MX_TIM5_Init)
    MX_TIM6_Init                             0x08003a35   Thumb Code    80  tim.o(.text.MX_TIM6_Init)
    MX_TIM9_Init                             0x08003a85   Thumb Code   304  tim.o(.text.MX_TIM9_Init)
    MX_UART4_Init                            0x08003bb5   Thumb Code    60  usart.o(.text.MX_UART4_Init)
    MX_USART1_UART_Init                      0x08003bf1   Thumb Code    60  usart.o(.text.MX_USART1_UART_Init)
    MX_USART2_UART_Init                      0x08003c2d   Thumb Code    60  usart.o(.text.MX_USART2_UART_Init)
    MX_USART3_UART_Init                      0x08003c69   Thumb Code    60  usart.o(.text.MX_USART3_UART_Init)
    MX_USART6_UART_Init                      0x08003ca5   Thumb Code    60  usart.o(.text.MX_USART6_UART_Init)
    MemManage_Handler                        0x08003ce1   Thumb Code     2  stm32f4xx_it.o(.text.MemManage_Handler)
    MotorInit                                0x08003ce5   Thumb Code   152  tb6612.o(.text.MotorInit)
    MotorSet                                 0x08003d7d   Thumb Code   376  tb6612.o(.text.MotorSet)
    Motor_Task                               0x08003ef5   Thumb Code    36  motor_task.o(.text.Motor_Task)
    Motor_Task_Init                          0x08003f19   Thumb Code   104  motor_task.o(.text.Motor_Task_Init)
    MyTask_Init                              0x08003f81   Thumb Code   134  my_task.o(.text.MyTask_Init)
    NMI_Handler                              0x08004009   Thumb Code     2  stm32f4xx_it.o(.text.NMI_Handler)
    PendSV_Handler                           0x08004011   Thumb Code   100  port.o(.text.PendSV_Handler)
    SVC_Handler                              0x08004081   Thumb Code    36  port.o(.text.SVC_Handler)
    StartDefaultTask                         0x080040a5   Thumb Code     8  freertos.o(.text.StartDefaultTask)
    SysTick_Handler                          0x080040ad   Thumb Code    30  cmsis_os2.o(.text.SysTick_Handler)
    SystemClock_Config                       0x080040cd   Thumb Code   168  main.o(.text.SystemClock_Config)
    SystemInit                               0x08004175   Thumb Code    18  system_stm32f4xx.o(.text.SystemInit)
    TIM6_DAC_IRQHandler                      0x08004189   Thumb Code    12  stm32f4xx_it.o(.text.TIM6_DAC_IRQHandler)
    TIM7_IRQHandler                          0x08004195   Thumb Code    12  stm32f4xx_it.o(.text.TIM7_IRQHandler)
    TIM_Base_SetConfig                       0x080041a1   Thumb Code   322  stm32f4xx_hal_tim.o(.text.TIM_Base_SetConfig)
    UART4_IRQHandler                         0x080042e5   Thumb Code    12  stm32f4xx_it.o(.text.UART4_IRQHandler)
    USART1_IRQHandler                        0x08004721   Thumb Code    12  stm32f4xx_it.o(.text.USART1_IRQHandler)
    USART2_IRQHandler                        0x0800472d   Thumb Code    12  stm32f4xx_it.o(.text.USART2_IRQHandler)
    USART3_IRQHandler                        0x08004739   Thumb Code    12  stm32f4xx_it.o(.text.USART3_IRQHandler)
    USART6_IRQHandler                        0x08004745   Thumb Code    12  stm32f4xx_it.o(.text.USART6_IRQHandler)
    UsageFault_Handler                       0x08004751   Thumb Code     2  stm32f4xx_it.o(.text.UsageFault_Handler)
    main                                     0x08004755   Thumb Code    90  main.o(.text.main)
    osDelay                                  0x080047b1   Thumb Code    32  cmsis_os2.o(.text.osDelay)
    osDelayUntil                             0x080047d1   Thumb Code    54  cmsis_os2.o(.text.osDelayUntil)
    osKernelGetTickCount                     0x08004809   Thumb Code    16  cmsis_os2.o(.text.osKernelGetTickCount)
    osKernelInitialize                       0x08004819   Thumb Code    40  cmsis_os2.o(.text.osKernelInitialize)
    osKernelStart                            0x08004841   Thumb Code    60  cmsis_os2.o(.text.osKernelStart)
    osThreadNew                              0x0800487d   Thumb Code   174  cmsis_os2.o(.text.osThreadNew)
    pvPortMalloc                             0x080051d1   Thumb Code   522  heap_4.o(.text.pvPortMalloc)
    pxPortInitialiseStack                    0x080053dd   Thumb Code    40  port.o(.text.pxPortInitialiseStack)
    uxListRemove                             0x08005405   Thumb Code    36  list.o(.text.uxListRemove)
    vApplicationGetIdleTaskMemory            0x08005429   Thumb Code    26  cmsis_os2.o(.text.vApplicationGetIdleTaskMemory)
    vApplicationGetTimerTaskMemory           0x08005445   Thumb Code    28  cmsis_os2.o(.text.vApplicationGetTimerTaskMemory)
    vListInitialise                          0x08005461   Thumb Code    22  list.o(.text.vListInitialise)
    vListInitialiseItem                      0x08005479   Thumb Code     6  list.o(.text.vListInitialiseItem)
    vListInsert                              0x08005481   Thumb Code    98  list.o(.text.vListInsert)
    vListInsertEnd                           0x080054e5   Thumb Code    28  list.o(.text.vListInsertEnd)
    vPortEnterCritical                       0x08005515   Thumb Code    70  port.o(.text.vPortEnterCritical)
    vPortExitCritical                        0x0800555d   Thumb Code    46  port.o(.text.vPortExitCritical)
    vPortFree                                0x0800558d   Thumb Code   212  heap_4.o(.text.vPortFree)
    vPortSetupTimerInterrupt                 0x08005661   Thumb Code    52  port.o(.text.vPortSetupTimerInterrupt)
    vPortValidateInterruptPriority           0x08005695   Thumb Code    94  port.o(.text.vPortValidateInterruptPriority)
    vQueueAddToRegistry                      0x080056f5   Thumb Code   176  queue.o(.text.vQueueAddToRegistry)
    vQueueWaitForMessageRestricted           0x080057a5   Thumb Code    82  queue.o(.text.vQueueWaitForMessageRestricted)
    vTaskDelay                               0x080057f9   Thumb Code   128  tasks.o(.text.vTaskDelay)
    vTaskDelayUntil                          0x08005879   Thumb Code   204  tasks.o(.text.vTaskDelayUntil)
    vTaskInternalSetTimeOutState             0x08005945   Thumb Code    18  tasks.o(.text.vTaskInternalSetTimeOutState)
    vTaskMissedYield                         0x08005959   Thumb Code    14  tasks.o(.text.vTaskMissedYield)
    vTaskPlaceOnEventList                    0x08005969   Thumb Code   116  tasks.o(.text.vTaskPlaceOnEventList)
    vTaskPlaceOnEventListRestricted          0x080059dd   Thumb Code   122  tasks.o(.text.vTaskPlaceOnEventListRestricted)
    vTaskStartScheduler                      0x08005a59   Thumb Code   232  tasks.o(.text.vTaskStartScheduler)
    vTaskSuspendAll                          0x08005b49   Thumb Code    16  tasks.o(.text.vTaskSuspendAll)
    vTaskSwitchContext                       0x08005b59   Thumb Code   188  tasks.o(.text.vTaskSwitchContext)
    xPortStartScheduler                      0x08005c15   Thumb Code   388  port.o(.text.xPortStartScheduler)
    xPortSysTickHandler                      0x08005d99   Thumb Code    46  port.o(.text.xPortSysTickHandler)
    xQueueGenericCreateStatic                0x08005dc9   Thumb Code   222  queue.o(.text.xQueueGenericCreateStatic)
    xQueueGenericSend                        0x08005ea9   Thumb Code   554  queue.o(.text.xQueueGenericSend)
    xQueueReceive                            0x080060d5   Thumb Code   418  queue.o(.text.xQueueReceive)
    xTaskCheckForTimeOut                     0x08006279   Thumb Code   162  tasks.o(.text.xTaskCheckForTimeOut)
    xTaskCreate                              0x0800631d   Thumb Code    96  tasks.o(.text.xTaskCreate)
    xTaskCreateStatic                        0x0800637d   Thumb Code   118  tasks.o(.text.xTaskCreateStatic)
    xTaskGetSchedulerState                   0x080063f5   Thumb Code    30  tasks.o(.text.xTaskGetSchedulerState)
    xTaskGetTickCount                        0x08006415   Thumb Code    12  tasks.o(.text.xTaskGetTickCount)
    xTaskGetTickCountFromISR                 0x08006421   Thumb Code    18  tasks.o(.text.xTaskGetTickCountFromISR)
    xTaskIncrementTick                       0x08006435   Thumb Code   260  tasks.o(.text.xTaskIncrementTick)
    xTaskPriorityDisinherit                  0x08006539   Thumb Code   138  tasks.o(.text.xTaskPriorityDisinherit)
    xTaskRemoveFromEventList                 0x080065c5   Thumb Code   114  tasks.o(.text.xTaskRemoveFromEventList)
    xTaskResumeAll                           0x08006639   Thumb Code   238  tasks.o(.text.xTaskResumeAll)
    xTimerCreateTimerTask                    0x08006729   Thumb Code   172  timers.o(.text.xTimerCreateTimerTask)
    _get_lc_ctype                            0x080067dd   Thumb Code    44  lc_ctype_c.o(locale$$code)
    _fp_init                                 0x08006809   Thumb Code    26  fpinit.o(x$fpl$fpinit)
    __fplib_config_fpu_vfp                   0x08006821   Thumb Code     0  fpinit.o(x$fpl$fpinit)
    __fplib_config_pureend_doubles           0x08006821   Thumb Code     0  fpinit.o(x$fpl$fpinit)
    AHBPrescTable                            0x0800686c   Data          16  system_stm32f4xx.o(.rodata.AHBPrescTable)
    APBPrescTable                            0x0800687c   Data           8  system_stm32f4xx.o(.rodata.APBPrescTable)
    defaultTask_attributes                   0x0800688c   Data          36  freertos.o(.rodata.defaultTask_attributes)
    Region$$Table$$Base                      0x080068e0   Number         0  anon$$obj.o(Region$$Table)
    Region$$Table$$Limit                     0x08006900   Number         0  anon$$obj.o(Region$$Table)
    __ctype                                  0x0800690d   Data           0  lc_ctype_c.o(locale$$data)
    uwTickFreq                               0x20000000   Data           1  stm32f4xx_hal.o(.data..L_MergedGlobals)
    uwTickPrio                               0x20000004   Data           4  stm32f4xx_hal.o(.data..L_MergedGlobals)
    SystemCoreClock                          0x20000008   Data           4  system_stm32f4xx.o(.data.SystemCoreClock)
    speed_x                                  0x2000000c   Data           2  tripod_head_task.o(.data.speed_x)
    __libspace_start                         0x20000018   Data          96  libspace.o(.bss)
    __temporary_stack_top$libspace           0x20000078   Data           0  libspace.o(.bss)
    pxCurrentTCB                             0x20000078   Data           4  tasks.o(.bss..L_MergedGlobals)
    hled                                     0x20000154   Data           4  my_task.o(.bss..L_MergedGlobals)
    hdebug                                   0x20000158   Data           4  my_task.o(.bss..L_MergedGlobals)
    key_num                                  0x2000015f   Data           1  key.o(.bss..L_MergedGlobals)
    key_tick                                 0x20000160   Data           2  key.o(.bss..L_MergedGlobals)
    jy_x                                     0x2000016c   Data           4  jy901p.o(.bss..L_MergedGlobals)
    jy_y                                     0x20000170   Data           4  jy901p.o(.bss..L_MergedGlobals)
    jy_z                                     0x20000174   Data           4  jy901p.o(.bss..L_MergedGlobals)
    jy_acc_buff                              0x20000178   Data          10  jy901p.o(.bss..L_MergedGlobals)
    jy_gyro_buff                             0x20000188   Data          10  jy901p.o(.bss..L_MergedGlobals)
    jy_angle_buff                            0x20000192   Data          10  jy901p.o(.bss..L_MergedGlobals)
    jy_mag_buff                              0x200001a0   Data          10  jy901p.o(.bss..L_MergedGlobals)
    data_a                                   0x200001ac   Data           8  k230.o(.bss..L_MergedGlobals)
    data_b                                   0x200001b4   Data           8  k230.o(.bss..L_MergedGlobals)
    rx_buff                                  0x200001bc   Data         100  k230.o(.bss..L_MergedGlobals)
    dir_y                                    0x20000248   Data           1  tripod_head_task.o(.bss..L_MergedGlobals.1)
    dir_x                                    0x20000249   Data           1  tripod_head_task.o(.bss..L_MergedGlobals.1)
    vel_y                                    0x2000024c   Data           4  tripod_head_task.o(.bss..L_MergedGlobals.1)
    vel_x                                    0x20000250   Data           4  tripod_head_task.o(.bss..L_MergedGlobals.1)
    defaultTaskHandle                        0x2000026c   Data           4  freertos.o(.bss.defaultTaskHandle)
    hdma_uart4_rx                            0x20000270   Data          96  usart.o(.bss.hdma_uart4_rx)
    hdma_uart4_tx                            0x200002d0   Data          96  usart.o(.bss.hdma_uart4_tx)
    hdma_usart1_rx                           0x20000330   Data          96  usart.o(.bss.hdma_usart1_rx)
    hdma_usart1_tx                           0x20000390   Data          96  usart.o(.bss.hdma_usart1_tx)
    hi2c1                                    0x200003f0   Data          84  i2c.o(.bss.hi2c1)
    hi2c2                                    0x20000444   Data          84  i2c.o(.bss.hi2c2)
    hmotor                                   0x20000498   Data           4  motor_task.o(.bss.hmotor)
    htim1                                    0x2000049c   Data          72  tim.o(.bss.htim1)
    htim12                                   0x200004e4   Data          72  tim.o(.bss.htim12)
    htim3                                    0x2000052c   Data          72  tim.o(.bss.htim3)
    htim4                                    0x20000574   Data          72  tim.o(.bss.htim4)
    htim5                                    0x200005bc   Data          72  tim.o(.bss.htim5)
    htim6                                    0x20000604   Data          72  tim.o(.bss.htim6)
    htim7                                    0x2000064c   Data          72  stm32f4xx_hal_timebase_tim.o(.bss.htim7)
    htim9                                    0x20000694   Data          72  tim.o(.bss.htim9)
    huart1                                   0x200006dc   Data          72  usart.o(.bss.huart1)
    huart2                                   0x20000724   Data          72  usart.o(.bss.huart2)
    huart3                                   0x2000076c   Data          72  usart.o(.bss.huart3)
    huart4                                   0x200007b4   Data          72  usart.o(.bss.huart4)
    huart6                                   0x200007fc   Data          72  usart.o(.bss.huart6)
    uwTick                                   0x200049f8   Data           4  stm32f4xx_hal.o(.bss.uwTick)
    xQueueRegistry                           0x200050b4   Data          64  queue.o(.bss.xQueueRegistry)



==============================================================================

Memory Map of the image

  Image Entry point : 0x08000189

  Load Region LR_IROM1 (Base: 0x08000000, Size: 0x00006a28, Max: 0x00100000, ABSOLUTE)

    Execution Region ER_IROM1 (Exec base: 0x08000000, Load base: 0x08000000, Size: 0x00006a10, Max: 0x00100000, ABSOLUTE)

    Exec Addr    Load Addr    Size         Type   Attr      Idx    E Section Name        Object

    0x08000000   0x08000000   0x00000188   Data   RO            3    RESET               startup_stm32f407xx.o
    0x08000188   0x08000188   0x00000008   Code   RO         2038  * !!!main             c_w.l(__main.o)
    0x08000190   0x08000190   0x00000034   Code   RO         2258    !!!scatter          c_w.l(__scatter.o)
    0x080001c4   0x080001c4   0x0000001a   Code   RO         2260    !!handler_copy      c_w.l(__scatter_copy.o)
    0x080001de   0x080001de   0x00000002   PAD
    0x080001e0   0x080001e0   0x0000001c   Code   RO         2262    !!handler_zi        c_w.l(__scatter_zi.o)
    0x080001fc   0x080001fc   0x00000002   Code   RO         2110    .ARM.Collect$$libinit$$00000000  c_w.l(libinit.o)
    0x080001fe   0x080001fe   0x00000004   Code   RO         2130    .ARM.Collect$$libinit$$00000001  c_w.l(libinit2.o)
    0x08000202   0x08000202   0x00000000   Code   RO         2133    .ARM.Collect$$libinit$$00000004  c_w.l(libinit2.o)
    0x08000202   0x08000202   0x00000000   Code   RO         2135    .ARM.Collect$$libinit$$00000006  c_w.l(libinit2.o)
    0x08000202   0x08000202   0x00000000   Code   RO         2138    .ARM.Collect$$libinit$$0000000C  c_w.l(libinit2.o)
    0x08000202   0x08000202   0x00000000   Code   RO         2140    .ARM.Collect$$libinit$$0000000E  c_w.l(libinit2.o)
    0x08000202   0x08000202   0x00000000   Code   RO         2142    .ARM.Collect$$libinit$$00000010  c_w.l(libinit2.o)
    0x08000202   0x08000202   0x00000006   Code   RO         2143    .ARM.Collect$$libinit$$00000011  c_w.l(libinit2.o)
    0x08000208   0x08000208   0x00000000   Code   RO         2145    .ARM.Collect$$libinit$$00000013  c_w.l(libinit2.o)
    0x08000208   0x08000208   0x0000000c   Code   RO         2146    .ARM.Collect$$libinit$$00000014  c_w.l(libinit2.o)
    0x08000214   0x08000214   0x00000000   Code   RO         2147    .ARM.Collect$$libinit$$00000015  c_w.l(libinit2.o)
    0x08000214   0x08000214   0x00000000   Code   RO         2149    .ARM.Collect$$libinit$$00000017  c_w.l(libinit2.o)
    0x08000214   0x08000214   0x00000000   Code   RO         2151    .ARM.Collect$$libinit$$00000019  c_w.l(libinit2.o)
    0x08000214   0x08000214   0x00000000   Code   RO         2153    .ARM.Collect$$libinit$$0000001B  c_w.l(libinit2.o)
    0x08000214   0x08000214   0x00000000   Code   RO         2155    .ARM.Collect$$libinit$$0000001D  c_w.l(libinit2.o)
    0x08000214   0x08000214   0x00000000   Code   RO         2157    .ARM.Collect$$libinit$$0000001F  c_w.l(libinit2.o)
    0x08000214   0x08000214   0x00000000   Code   RO         2159    .ARM.Collect$$libinit$$00000021  c_w.l(libinit2.o)
    0x08000214   0x08000214   0x00000000   Code   RO         2161    .ARM.Collect$$libinit$$00000023  c_w.l(libinit2.o)
    0x08000214   0x08000214   0x00000000   Code   RO         2163    .ARM.Collect$$libinit$$00000025  c_w.l(libinit2.o)
    0x08000214   0x08000214   0x00000000   Code   RO         2165    .ARM.Collect$$libinit$$00000027  c_w.l(libinit2.o)
    0x08000214   0x08000214   0x00000000   Code   RO         2169    .ARM.Collect$$libinit$$0000002E  c_w.l(libinit2.o)
    0x08000214   0x08000214   0x00000000   Code   RO         2171    .ARM.Collect$$libinit$$00000030  c_w.l(libinit2.o)
    0x08000214   0x08000214   0x00000000   Code   RO         2173    .ARM.Collect$$libinit$$00000032  c_w.l(libinit2.o)
    0x08000214   0x08000214   0x00000000   Code   RO         2175    .ARM.Collect$$libinit$$00000034  c_w.l(libinit2.o)
    0x08000214   0x08000214   0x00000002   Code   RO         2176    .ARM.Collect$$libinit$$00000035  c_w.l(libinit2.o)
    0x08000216   0x08000216   0x00000002   Code   RO         2213    .ARM.Collect$$libshutdown$$00000000  c_w.l(libshutdown.o)
    0x08000218   0x08000218   0x00000000   Code   RO         2241    .ARM.Collect$$libshutdown$$00000002  c_w.l(libshutdown2.o)
    0x08000218   0x08000218   0x00000000   Code   RO         2243    .ARM.Collect$$libshutdown$$00000004  c_w.l(libshutdown2.o)
    0x08000218   0x08000218   0x00000000   Code   RO         2246    .ARM.Collect$$libshutdown$$00000007  c_w.l(libshutdown2.o)
    0x08000218   0x08000218   0x00000000   Code   RO         2249    .ARM.Collect$$libshutdown$$0000000A  c_w.l(libshutdown2.o)
    0x08000218   0x08000218   0x00000000   Code   RO         2251    .ARM.Collect$$libshutdown$$0000000C  c_w.l(libshutdown2.o)
    0x08000218   0x08000218   0x00000000   Code   RO         2254    .ARM.Collect$$libshutdown$$0000000F  c_w.l(libshutdown2.o)
    0x08000218   0x08000218   0x00000002   Code   RO         2255    .ARM.Collect$$libshutdown$$00000010  c_w.l(libshutdown2.o)
    0x0800021a   0x0800021a   0x00000000   Code   RO         2056    .ARM.Collect$$rtentry$$00000000  c_w.l(__rtentry.o)
    0x0800021a   0x0800021a   0x00000000   Code   RO         2075    .ARM.Collect$$rtentry$$00000002  c_w.l(__rtentry2.o)
    0x0800021a   0x0800021a   0x00000006   Code   RO         2087    .ARM.Collect$$rtentry$$00000004  c_w.l(__rtentry4.o)
    0x08000220   0x08000220   0x00000000   Code   RO         2077    .ARM.Collect$$rtentry$$00000009  c_w.l(__rtentry2.o)
    0x08000220   0x08000220   0x00000004   Code   RO         2078    .ARM.Collect$$rtentry$$0000000A  c_w.l(__rtentry2.o)
    0x08000224   0x08000224   0x00000000   Code   RO         2080    .ARM.Collect$$rtentry$$0000000C  c_w.l(__rtentry2.o)
    0x08000224   0x08000224   0x00000008   Code   RO         2081    .ARM.Collect$$rtentry$$0000000D  c_w.l(__rtentry2.o)
    0x0800022c   0x0800022c   0x00000002   Code   RO         2114    .ARM.Collect$$rtexit$$00000000  c_w.l(rtexit.o)
    0x0800022e   0x0800022e   0x00000000   Code   RO         2182    .ARM.Collect$$rtexit$$00000002  c_w.l(rtexit2.o)
    0x0800022e   0x0800022e   0x00000004   Code   RO         2183    .ARM.Collect$$rtexit$$00000003  c_w.l(rtexit2.o)
    0x08000232   0x08000232   0x00000006   Code   RO         2184    .ARM.Collect$$rtexit$$00000004  c_w.l(rtexit2.o)
    0x08000238   0x08000238   0x00000040   Code   RO            4    .text               startup_stm32f407xx.o
    0x08000278   0x08000278   0x000000f0   Code   RO         2020    .text               c_w.l(lludivv7m.o)
    0x08000368   0x08000368   0x0000003c   Code   RO         2022    .text               c_w.l(__0sscanf.o)
    0x080003a4   0x080003a4   0x0000014c   Code   RO         2024    .text               c_w.l(_scanf_int.o)
    0x080004f0   0x080004f0   0x0000008a   Code   RO         2026    .text               c_w.l(rt_memcpy_v6.o)
    0x0800057a   0x0800057a   0x00000010   Code   RO         2030    .text               c_w.l(aeabi_memset4.o)
    0x0800058a   0x0800058a   0x0000004e   Code   RO         2034    .text               c_w.l(rt_memclr_w.o)
    0x080005d8   0x080005d8   0x00000006   Code   RO         2036    .text               c_w.l(heapauxi.o)
    0x080005de   0x080005de   0x0000001c   Code   RO         2061    .text               c_w.l(_chval.o)
    0x080005fa   0x080005fa   0x00000002   PAD
    0x080005fc   0x080005fc   0x0000002c   Code   RO         2063    .text               c_w.l(scanf_char.o)
    0x08000628   0x08000628   0x00000040   Code   RO         2065    .text               c_w.l(_sgetc.o)
    0x08000668   0x08000668   0x00000064   Code   RO         2067    .text               c_w.l(rt_memcpy_w.o)
    0x080006cc   0x080006cc   0x00000012   Code   RO         2091    .text               c_w.l(isspace.o)
    0x080006de   0x080006de   0x00000002   PAD
    0x080006e0   0x080006e0   0x00000374   Code   RO         2093    .text               c_w.l(_scanf.o)
    0x08000a54   0x08000a54   0x0000004a   Code   RO         2095    .text               c_w.l(sys_stackheap_outer.o)
    0x08000a9e   0x08000a9e   0x00000002   PAD
    0x08000aa0   0x08000aa0   0x00000010   Code   RO         2097    .text               c_w.l(rt_ctype_table.o)
    0x08000ab0   0x08000ab0   0x00000012   Code   RO         2099    .text               c_w.l(exit.o)
    0x08000ac2   0x08000ac2   0x00000002   PAD
    0x08000ac4   0x08000ac4   0x00000008   Code   RO         2111    .text               c_w.l(libspace.o)
    0x08000acc   0x08000acc   0x00000008   Code   RO         2121    .text               c_w.l(rt_locale_intlibspace.o)
    0x08000ad4   0x08000ad4   0x0000000c   Code   RO         2177    .text               c_w.l(sys_exit.o)
    0x08000ae0   0x08000ae0   0x0000007c   Code   RO         2192    .text               c_w.l(strcmpv7em.o)
    0x08000b5c   0x08000b5c   0x00000002   Code   RO         2202    .text               c_w.l(use_no_semi.o)
    0x08000b5e   0x08000b5e   0x00000000   Code   RO         2204    .text               c_w.l(indicate_semi.o)
    0x08000b5e   0x08000b5e   0x00000002   PAD
    0x08000b60   0x08000b60   0x00000002   Code   RO          154    .text.BusFault_Handler  stm32f4xx_it.o
    0x08000b62   0x08000b62   0x00000002   PAD
    0x08000b64   0x08000b64   0x0000000c   Code   RO          160    .text.DMA1_Stream2_IRQHandler  stm32f4xx_it.o
    0x08000b70   0x08000b70   0x0000000c   Code   RO          162    .text.DMA1_Stream4_IRQHandler  stm32f4xx_it.o
    0x08000b7c   0x08000b7c   0x0000000c   Code   RO          176    .text.DMA2_Stream2_IRQHandler  stm32f4xx_it.o
    0x08000b88   0x08000b88   0x0000000c   Code   RO          178    .text.DMA2_Stream7_IRQHandler  stm32f4xx_it.o
    0x08000b94   0x08000b94   0x00000002   Code   RO          158    .text.DebugMon_Handler  stm32f4xx_it.o
    0x08000b96   0x08000b96   0x00000002   PAD
    0x08000b98   0x08000b98   0x00000010   Code   RO         1771    .text.Debug_Task    my_task.o
    0x08000ba8   0x08000ba8   0x00000066   Code   RO         1884    .text.Emm_V5_Pos_Control  stepper_motor.o
    0x08000c0e   0x08000c0e   0x00000002   PAD
    0x08000c10   0x08000c10   0x00000006   Code   RO           15    .text.Error_Handler  main.o
    0x08000c16   0x08000c16   0x00000002   PAD
    0x08000c18   0x08000c18   0x0000008e   Code   RO          688    .text.HAL_DMA_Abort  stm32f4xx_hal_dma.o
    0x08000ca6   0x08000ca6   0x00000002   PAD
    0x08000ca8   0x08000ca8   0x00000024   Code   RO          690    .text.HAL_DMA_Abort_IT  stm32f4xx_hal_dma.o
    0x08000ccc   0x08000ccc   0x000001c0   Code   RO          694    .text.HAL_DMA_IRQHandler  stm32f4xx_hal_dma.o
    0x08000e8c   0x08000e8c   0x00000162   Code   RO          680    .text.HAL_DMA_Init  stm32f4xx_hal_dma.o
    0x08000fee   0x08000fee   0x00000002   PAD
    0x08000ff0   0x08000ff0   0x0000009e   Code   RO          686    .text.HAL_DMA_Start_IT  stm32f4xx_hal_dma.o
    0x0800108e   0x0800108e   0x00000002   PAD
    0x08001090   0x08001090   0x000001a6   Code   RO          642    .text.HAL_GPIO_Init  stm32f4xx_hal_gpio.o
    0x08001236   0x08001236   0x00000002   PAD
    0x08001238   0x08001238   0x0000000a   Code   RO          646    .text.HAL_GPIO_ReadPin  stm32f4xx_hal_gpio.o
    0x08001242   0x08001242   0x00000002   PAD
    0x08001244   0x08001244   0x00000010   Code   RO          650    .text.HAL_GPIO_TogglePin  stm32f4xx_hal_gpio.o
    0x08001254   0x08001254   0x0000000a   Code   RO          648    .text.HAL_GPIO_WritePin  stm32f4xx_hal_gpio.o
    0x0800125e   0x0800125e   0x00000002   PAD
    0x08001260   0x08001260   0x0000000c   Code   RO          839    .text.HAL_GetTick   stm32f4xx_hal.o
    0x0800126c   0x0800126c   0x00000176   Code   RO          917    .text.HAL_I2C_Init  stm32f4xx_hal_i2c.o
    0x080013e2   0x080013e2   0x00000002   PAD
    0x080013e4   0x080013e4   0x000000da   Code   RO           64    .text.HAL_I2C_MspInit  i2c.o
    0x080014be   0x080014be   0x00000002   PAD
    0x080014c0   0x080014c0   0x0000001a   Code   RO          837    .text.HAL_IncTick   stm32f4xx_hal.o
    0x080014da   0x080014da   0x00000002   PAD
    0x080014dc   0x080014dc   0x00000036   Code   RO          827    .text.HAL_Init      stm32f4xx_hal.o
    0x08001512   0x08001512   0x00000002   PAD
    0x08001514   0x08001514   0x000000bc   Code   RO          198    .text.HAL_InitTick  stm32f4xx_hal_timebase_tim.o
    0x080015d0   0x080015d0   0x00000042   Code   RO          189    .text.HAL_MspInit   stm32f4xx_hal_msp.o
    0x08001612   0x08001612   0x00000002   PAD
    0x08001614   0x08001614   0x00000026   Code   RO          779    .text.HAL_NVIC_EnableIRQ  stm32f4xx_hal_cortex.o
    0x0800163a   0x0800163a   0x00000002   PAD
    0x0800163c   0x0800163c   0x00000056   Code   RO          777    .text.HAL_NVIC_SetPriority  stm32f4xx_hal_cortex.o
    0x08001692   0x08001692   0x00000002   PAD
    0x08001694   0x08001694   0x00000020   Code   RO          775    .text.HAL_NVIC_SetPriorityGrouping  stm32f4xx_hal_cortex.o
    0x080016b4   0x080016b4   0x00000160   Code   RO          536    .text.HAL_RCC_ClockConfig  stm32f4xx_hal_rcc.o
    0x08001814   0x08001814   0x0000003e   Code   RO          554    .text.HAL_RCC_GetClockConfig  stm32f4xx_hal_rcc.o
    0x08001852   0x08001852   0x00000002   PAD
    0x08001854   0x08001854   0x00000026   Code   RO          548    .text.HAL_RCC_GetPCLK1Freq  stm32f4xx_hal_rcc.o
    0x0800187a   0x0800187a   0x00000002   PAD
    0x0800187c   0x0800187c   0x00000026   Code   RO          550    .text.HAL_RCC_GetPCLK2Freq  stm32f4xx_hal_rcc.o
    0x080018a2   0x080018a2   0x00000002   PAD
    0x080018a4   0x080018a4   0x0000006c   Code   RO          538    .text.HAL_RCC_GetSysClockFreq  stm32f4xx_hal_rcc.o
    0x08001910   0x08001910   0x00000374   Code   RO          534    .text.HAL_RCC_OscConfig  stm32f4xx_hal_rcc.o
    0x08001c84   0x08001c84   0x00000002   Code   RO          518    .text.HAL_TIMEx_BreakCallback  stm32f4xx_hal_tim_ex.o
    0x08001c86   0x08001c86   0x00000002   PAD
    0x08001c88   0x08001c88   0x00000002   Code   RO          514    .text.HAL_TIMEx_CommutCallback  stm32f4xx_hal_tim_ex.o
    0x08001c8a   0x08001c8a   0x00000002   PAD
    0x08001c8c   0x08001c8c   0x000000b6   Code   RO          508    .text.HAL_TIMEx_MasterConfigSynchronization  stm32f4xx_hal_tim_ex.o
    0x08001d42   0x08001d42   0x00000002   PAD
    0x08001d44   0x08001d44   0x0000005a   Code   RO          213    .text.HAL_TIM_Base_Init  stm32f4xx_hal_tim.o
    0x08001d9e   0x08001d9e   0x00000002   PAD
    0x08001da0   0x08001da0   0x000000a6   Code   RO           96    .text.HAL_TIM_Base_MspInit  tim.o
    0x08001e46   0x08001e46   0x00000002   PAD
    0x08001e48   0x08001e48   0x000000aa   Code   RO          227    .text.HAL_TIM_Base_Start_IT  stm32f4xx_hal_tim.o
    0x08001ef2   0x08001ef2   0x00000002   PAD
    0x08001ef4   0x08001ef4   0x0000019c   Code   RO          393    .text.HAL_TIM_ConfigClockSource  stm32f4xx_hal_tim.o
    0x08002090   0x08002090   0x000000b2   Code   RO          327    .text.HAL_TIM_Encoder_Init  stm32f4xx_hal_tim.o
    0x08002142   0x08002142   0x00000002   PAD
    0x08002144   0x08002144   0x00000168   Code   RO           94    .text.HAL_TIM_Encoder_MspInit  tim.o
    0x080022ac   0x080022ac   0x00000002   Code   RO          349    .text.HAL_TIM_IC_CaptureCallback  stm32f4xx_hal_tim.o
    0x080022ae   0x080022ae   0x00000002   PAD
    0x080022b0   0x080022b0   0x0000014e   Code   RO          347    .text.HAL_TIM_IRQHandler  stm32f4xx_hal_tim.o
    0x080023fe   0x080023fe   0x00000002   PAD
    0x08002400   0x08002400   0x00000002   Code   RO          351    .text.HAL_TIM_OC_DelayElapsedCallback  stm32f4xx_hal_tim.o
    0x08002402   0x08002402   0x00000002   PAD
    0x08002404   0x08002404   0x00000222   Code   RO          367    .text.HAL_TIM_PWM_ConfigChannel  stm32f4xx_hal_tim.o
    0x08002626   0x08002626   0x00000002   PAD
    0x08002628   0x08002628   0x0000005a   Code   RO          267    .text.HAL_TIM_PWM_Init  stm32f4xx_hal_tim.o
    0x08002682   0x08002682   0x00000002   PAD
    0x08002684   0x08002684   0x00000002   Code   RO          269    .text.HAL_TIM_PWM_MspInit  stm32f4xx_hal_tim.o
    0x08002686   0x08002686   0x00000002   PAD
    0x08002688   0x08002688   0x00000002   Code   RO          353    .text.HAL_TIM_PWM_PulseFinishedCallback  stm32f4xx_hal_tim.o
    0x0800268a   0x0800268a   0x00000002   PAD
    0x0800268c   0x0800268c   0x00000112   Code   RO          275    .text.HAL_TIM_PWM_Start  stm32f4xx_hal_tim.o
    0x0800279e   0x0800279e   0x00000002   PAD
    0x080027a0   0x080027a0   0x00000014   Code   RO           17    .text.HAL_TIM_PeriodElapsedCallback  main.o
    0x080027b4   0x080027b4   0x00000002   Code   RO          357    .text.HAL_TIM_TriggerCallback  stm32f4xx_hal_tim.o
    0x080027b6   0x080027b6   0x00000002   PAD
    0x080027b8   0x080027b8   0x000000c8   Code   RO         1102    .text.HAL_UARTEx_ReceiveToIdle_IT  stm32f4xx_hal_uart.o
    0x08002880   0x08002880   0x00000070   Code   RO         1992    .text.HAL_UARTEx_RxEventCallback  k230.o
    0x080028f0   0x080028f0   0x00000002   Code   RO         1140    .text.HAL_UART_ErrorCallback  stm32f4xx_hal_uart.o
    0x080028f2   0x080028f2   0x00000002   PAD
    0x080028f4   0x080028f4   0x00000584   Code   RO         1134    .text.HAL_UART_IRQHandler  stm32f4xx_hal_uart.o
    0x08002e78   0x08002e78   0x00000060   Code   RO         1056    .text.HAL_UART_Init  stm32f4xx_hal_uart.o
    0x08002ed8   0x08002ed8   0x00000324   Code   RO          127    .text.HAL_UART_MspInit  usart.o
    0x080031fc   0x080031fc   0x00000052   Code   RO         1078    .text.HAL_UART_Receive_IT  stm32f4xx_hal_uart.o
    0x0800324e   0x0800324e   0x00000002   PAD
    0x08003250   0x08003250   0x00000012   Code   RO         1773    .text.HAL_UART_RxCpltCallback  my_task.o
    0x08003262   0x08003262   0x00000002   PAD
    0x08003264   0x08003264   0x000000cc   Code   RO         1082    .text.HAL_UART_Transmit_DMA  stm32f4xx_hal_uart.o
    0x08003330   0x08003330   0x00000044   Code   RO         1832    .text.HAL_UART_TxCpltCallback  tripod_head_task.o
    0x08003374   0x08003374   0x00000002   Code   RO         1146    .text.HAL_UART_TxHalfCpltCallback  stm32f4xx_hal_uart.o
    0x08003376   0x08003376   0x00000002   PAD
    0x08003378   0x08003378   0x00000002   Code   RO          150    .text.HardFault_Handler  stm32f4xx_it.o
    0x0800337a   0x0800337a   0x00000002   PAD
    0x0800337c   0x0800337c   0x000000a2   Code   RO         1977    .text.JY_UART_RxCpltCallback  jy901p.o
    0x0800341e   0x0800341e   0x00000002   PAD
    0x08003420   0x08003420   0x00000092   Code   RO         1962    .text.KeyProc       key.o
    0x080034b2   0x080034b2   0x00000002   PAD
    0x080034b4   0x080034b4   0x0000004e   Code   RO         1767    .text.Led_Task      my_task.o
    0x08003502   0x08003502   0x00000002   PAD
    0x08003504   0x08003504   0x0000007c   Code   RO           51    .text.MX_DMA_Init   dma.o
    0x08003580   0x08003580   0x00000024   Code   RO           37    .text.MX_FREERTOS_Init  freertos.o
    0x080035a4   0x080035a4   0x00000124   Code   RO           28    .text.MX_GPIO_Init  gpio.o
    0x080036c8   0x080036c8   0x0000003e   Code   RO           60    .text.MX_I2C1_Init  i2c.o
    0x08003706   0x08003706   0x00000002   PAD
    0x08003708   0x08003708   0x00000042   Code   RO           62    .text.MX_I2C2_Init  i2c.o
    0x0800374a   0x0800374a   0x00000002   PAD
    0x0800374c   0x0800374c   0x00000130   Code   RO           92    .text.MX_TIM12_Init  tim.o
    0x0800387c   0x0800387c   0x0000006e   Code   RO           78    .text.MX_TIM1_Init  tim.o
    0x080038ea   0x080038ea   0x00000002   PAD
    0x080038ec   0x080038ec   0x0000006a   Code   RO           80    .text.MX_TIM3_Init  tim.o
    0x08003956   0x08003956   0x00000002   PAD
    0x08003958   0x08003958   0x0000006e   Code   RO           82    .text.MX_TIM4_Init  tim.o
    0x080039c6   0x080039c6   0x00000002   PAD
    0x080039c8   0x080039c8   0x0000006a   Code   RO           84    .text.MX_TIM5_Init  tim.o
    0x08003a32   0x08003a32   0x00000002   PAD
    0x08003a34   0x08003a34   0x00000050   Code   RO           86    .text.MX_TIM6_Init  tim.o
    0x08003a84   0x08003a84   0x00000130   Code   RO           88    .text.MX_TIM9_Init  tim.o
    0x08003bb4   0x08003bb4   0x0000003c   Code   RO          117    .text.MX_UART4_Init  usart.o
    0x08003bf0   0x08003bf0   0x0000003c   Code   RO          119    .text.MX_USART1_UART_Init  usart.o
    0x08003c2c   0x08003c2c   0x0000003c   Code   RO          121    .text.MX_USART2_UART_Init  usart.o
    0x08003c68   0x08003c68   0x0000003c   Code   RO          123    .text.MX_USART3_UART_Init  usart.o
    0x08003ca4   0x08003ca4   0x0000003c   Code   RO          125    .text.MX_USART6_UART_Init  usart.o
    0x08003ce0   0x08003ce0   0x00000002   Code   RO          152    .text.MemManage_Handler  stm32f4xx_it.o
    0x08003ce2   0x08003ce2   0x00000002   PAD
    0x08003ce4   0x08003ce4   0x00000098   Code   RO         1858    .text.MotorInit     tb6612.o
    0x08003d7c   0x08003d7c   0x00000178   Code   RO         1862    .text.MotorSet      tb6612.o
    0x08003ef4   0x08003ef4   0x00000024   Code   RO         1791    .text.Motor_Task    motor_task.o
    0x08003f18   0x08003f18   0x00000068   Code   RO         1789    .text.Motor_Task_Init  motor_task.o
    0x08003f80   0x08003f80   0x00000086   Code   RO         1763    .text.MyTask_Init   my_task.o
    0x08004006   0x08004006   0x00000002   PAD
    0x08004008   0x08004008   0x00000002   Code   RO          148    .text.NMI_Handler   stm32f4xx_it.o
    0x0800400a   0x0800400a   0x00000006   PAD
    0x08004010   0x08004010   0x00000064   Code   RO         1747    .text.PendSV_Handler  port.o
    0x08004074   0x08004074   0x0000000c   PAD
    0x08004080   0x08004080   0x00000024   Code   RO         1731    .text.SVC_Handler   port.o
    0x080040a4   0x080040a4   0x00000008   Code   RO           39    .text.StartDefaultTask  freertos.o
    0x080040ac   0x080040ac   0x0000001e   Code   RO         1542    .text.SysTick_Handler  cmsis_os2.o
    0x080040ca   0x080040ca   0x00000002   PAD
    0x080040cc   0x080040cc   0x000000a8   Code   RO           13    .text.SystemClock_Config  main.o
    0x08004174   0x08004174   0x00000012   Code   RO         1178    .text.SystemInit    system_stm32f4xx.o
    0x08004186   0x08004186   0x00000002   PAD
    0x08004188   0x08004188   0x0000000c   Code   RO          172    .text.TIM6_DAC_IRQHandler  stm32f4xx_it.o
    0x08004194   0x08004194   0x0000000c   Code   RO          174    .text.TIM7_IRQHandler  stm32f4xx_it.o
    0x080041a0   0x080041a0   0x00000142   Code   RO          217    .text.TIM_Base_SetConfig  stm32f4xx_hal_tim.o
    0x080042e2   0x080042e2   0x00000002   PAD
    0x080042e4   0x080042e4   0x0000000c   Code   RO          170    .text.UART4_IRQHandler  stm32f4xx_it.o
    0x080042f0   0x080042f0   0x0000000a   Code   RO         1138    .text.UART_DMAAbortOnError  stm32f4xx_hal_uart.o
    0x080042fa   0x080042fa   0x00000002   PAD
    0x080042fc   0x080042fc   0x0000017c   Code   RO         1088    .text.UART_DMAError  stm32f4xx_hal_uart.o
    0x08004478   0x08004478   0x000000b0   Code   RO         1084    .text.UART_DMATransmitCplt  stm32f4xx_hal_uart.o
    0x08004528   0x08004528   0x00000006   Code   RO         1086    .text.UART_DMATxHalfCplt  stm32f4xx_hal_uart.o
    0x0800452e   0x0800452e   0x00000002   PAD
    0x08004530   0x08004530   0x000000fe   Code   RO         1136    .text.UART_Receive_IT  stm32f4xx_hal_uart.o
    0x0800462e   0x0800462e   0x00000002   PAD
    0x08004630   0x08004630   0x000000ee   Code   RO         1060    .text.UART_SetConfig  stm32f4xx_hal_uart.o
    0x0800471e   0x0800471e   0x00000002   PAD
    0x08004720   0x08004720   0x0000000c   Code   RO          164    .text.USART1_IRQHandler  stm32f4xx_it.o
    0x0800472c   0x0800472c   0x0000000c   Code   RO          166    .text.USART2_IRQHandler  stm32f4xx_it.o
    0x08004738   0x08004738   0x0000000c   Code   RO          168    .text.USART3_IRQHandler  stm32f4xx_it.o
    0x08004744   0x08004744   0x0000000c   Code   RO          180    .text.USART6_IRQHandler  stm32f4xx_it.o
    0x08004750   0x08004750   0x00000002   Code   RO          156    .text.UsageFault_Handler  stm32f4xx_it.o
    0x08004752   0x08004752   0x00000002   PAD
    0x08004754   0x08004754   0x0000005a   Code   RO           11    .text.main          main.o
    0x080047ae   0x080047ae   0x00000002   PAD
    0x080047b0   0x080047b0   0x00000020   Code   RO         1602    .text.osDelay       cmsis_os2.o
    0x080047d0   0x080047d0   0x00000036   Code   RO         1604    .text.osDelayUntil  cmsis_os2.o
    0x08004806   0x08004806   0x00000002   PAD
    0x08004808   0x08004808   0x00000010   Code   RO         1558    .text.osKernelGetTickCount  cmsis_os2.o
    0x08004818   0x08004818   0x00000028   Code   RO         1544    .text.osKernelInitialize  cmsis_os2.o
    0x08004840   0x08004840   0x0000003c   Code   RO         1550    .text.osKernelStart  cmsis_os2.o
    0x0800487c   0x0800487c   0x000000ae   Code   RO         1566    .text.osThreadNew   cmsis_os2.o
    0x0800492a   0x0800492a   0x00000002   PAD
    0x0800492c   0x0800492c   0x0000028a   Code   RO         1377    .text.prvAddNewTaskToReadyList  tasks.o
    0x08004bb6   0x08004bb6   0x00000002   PAD
    0x08004bb8   0x08004bb8   0x00000086   Code   RO         1409    .text.prvIdleTask   tasks.o
    0x08004c3e   0x08004c3e   0x00000002   PAD
    0x08004c40   0x08004c40   0x00000128   Code   RO         1375    .text.prvInitialiseNewTask  tasks.o
    0x08004d68   0x08004d68   0x00000028   Code   RO         1739    .text.prvPortStartFirstTask  port.o
    0x08004d90   0x08004d90   0x0000003e   Code   RO         1729    .text.prvTaskExitError  port.o
    0x08004dce   0x08004dce   0x00000002   PAD
    0x08004dd0   0x08004dd0   0x0000038a   Code   RO         1494    .text.prvTimerTask  timers.o
    0x0800515a   0x0800515a   0x00000002   PAD
    0x0800515c   0x0800515c   0x00000074   Code   RO         1274    .text.prvUnlockQueue  queue.o
    0x080051d0   0x080051d0   0x0000020a   Code   RO         1705    .text.pvPortMalloc  heap_4.o
    0x080053da   0x080053da   0x00000002   PAD
    0x080053dc   0x080053dc   0x00000028   Code   RO         1727    .text.pxPortInitialiseStack  port.o
    0x08005404   0x08005404   0x00000024   Code   RO         1238    .text.uxListRemove  list.o
    0x08005428   0x08005428   0x0000001a   Code   RO         1688    .text.vApplicationGetIdleTaskMemory  cmsis_os2.o
    0x08005442   0x08005442   0x00000002   PAD
    0x08005444   0x08005444   0x0000001c   Code   RO         1690    .text.vApplicationGetTimerTaskMemory  cmsis_os2.o
    0x08005460   0x08005460   0x00000016   Code   RO         1230    .text.vListInitialise  list.o
    0x08005476   0x08005476   0x00000002   PAD
    0x08005478   0x08005478   0x00000006   Code   RO         1232    .text.vListInitialiseItem  list.o
    0x0800547e   0x0800547e   0x00000002   PAD
    0x08005480   0x08005480   0x00000062   Code   RO         1236    .text.vListInsert   list.o
    0x080054e2   0x080054e2   0x00000002   PAD
    0x080054e4   0x080054e4   0x0000001c   Code   RO         1234    .text.vListInsertEnd  list.o
    0x08005500   0x08005500   0x00000014   Code   RO         1737    .text.vPortEnableVFP  port.o
    0x08005514   0x08005514   0x00000046   Code   RO         1743    .text.vPortEnterCritical  port.o
    0x0800555a   0x0800555a   0x00000002   PAD
    0x0800555c   0x0800555c   0x0000002e   Code   RO         1745    .text.vPortExitCritical  port.o
    0x0800558a   0x0800558a   0x00000002   PAD
    0x0800558c   0x0800558c   0x000000d4   Code   RO         1707    .text.vPortFree     heap_4.o
    0x08005660   0x08005660   0x00000034   Code   RO         1735    .text.vPortSetupTimerInterrupt  port.o
    0x08005694   0x08005694   0x0000005e   Code   RO         1751    .text.vPortValidateInterruptPriority  port.o
    0x080056f2   0x080056f2   0x00000002   PAD
    0x080056f4   0x080056f4   0x000000b0   Code   RO         1308    .text.vQueueAddToRegistry  queue.o
    0x080057a4   0x080057a4   0x00000052   Code   RO         1312    .text.vQueueWaitForMessageRestricted  queue.o
    0x080057f6   0x080057f6   0x00000002   PAD
    0x080057f8   0x080057f8   0x00000080   Code   RO         1389    .text.vTaskDelay    tasks.o
    0x08005878   0x08005878   0x000000cc   Code   RO         1383    .text.vTaskDelayUntil  tasks.o
    0x08005944   0x08005944   0x00000012   Code   RO         1439    .text.vTaskInternalSetTimeOutState  tasks.o
    0x08005956   0x08005956   0x00000002   PAD
    0x08005958   0x08005958   0x0000000e   Code   RO         1443    .text.vTaskMissedYield  tasks.o
    0x08005966   0x08005966   0x00000002   PAD
    0x08005968   0x08005968   0x00000074   Code   RO         1427    .text.vTaskPlaceOnEventList  tasks.o
    0x080059dc   0x080059dc   0x0000007a   Code   RO         1431    .text.vTaskPlaceOnEventListRestricted  tasks.o
    0x08005a56   0x08005a56   0x00000002   PAD
    0x08005a58   0x08005a58   0x000000f0   Code   RO         1407    .text.vTaskStartScheduler  tasks.o
    0x08005b48   0x08005b48   0x00000010   Code   RO         1385    .text.vTaskSuspendAll  tasks.o
    0x08005b58   0x08005b58   0x000000bc   Code   RO         1401    .text.vTaskSwitchContext  tasks.o
    0x08005c14   0x08005c14   0x00000184   Code   RO         1733    .text.xPortStartScheduler  port.o
    0x08005d98   0x08005d98   0x0000002e   Code   RO         1749    .text.xPortSysTickHandler  port.o
    0x08005dc6   0x08005dc6   0x00000002   PAD
    0x08005dc8   0x08005dc8   0x000000de   Code   RO         1250    .text.xQueueGenericCreateStatic  queue.o
    0x08005ea6   0x08005ea6   0x00000002   PAD
    0x08005ea8   0x08005ea8   0x0000022a   Code   RO         1264    .text.xQueueGenericSend  queue.o
    0x080060d2   0x080060d2   0x00000002   PAD
    0x080060d4   0x080060d4   0x000001a2   Code   RO         1280    .text.xQueueReceive  queue.o
    0x08006276   0x08006276   0x00000002   PAD
    0x08006278   0x08006278   0x000000a2   Code   RO         1441    .text.xTaskCheckForTimeOut  tasks.o
    0x0800631a   0x0800631a   0x00000002   PAD
    0x0800631c   0x0800631c   0x00000060   Code   RO         1379    .text.xTaskCreate   tasks.o
    0x0800637c   0x0800637c   0x00000076   Code   RO         1373    .text.xTaskCreateStatic  tasks.o
    0x080063f2   0x080063f2   0x00000002   PAD
    0x080063f4   0x080063f4   0x0000001e   Code   RO         1455    .text.xTaskGetSchedulerState  tasks.o
    0x08006412   0x08006412   0x00000002   PAD
    0x08006414   0x08006414   0x0000000c   Code   RO         1415    .text.xTaskGetTickCount  tasks.o
    0x08006420   0x08006420   0x00000012   Code   RO         1417    .text.xTaskGetTickCountFromISR  tasks.o
    0x08006432   0x08006432   0x00000002   PAD
    0x08006434   0x08006434   0x00000104   Code   RO         1413    .text.xTaskIncrementTick  tasks.o
    0x08006538   0x08006538   0x0000008a   Code   RO         1459    .text.xTaskPriorityDisinherit  tasks.o
    0x080065c2   0x080065c2   0x00000002   PAD
    0x080065c4   0x080065c4   0x00000072   Code   RO         1433    .text.xTaskRemoveFromEventList  tasks.o
    0x08006636   0x08006636   0x00000002   PAD
    0x08006638   0x08006638   0x000000ee   Code   RO         1387    .text.xTaskResumeAll  tasks.o
    0x08006726   0x08006726   0x00000002   PAD
    0x08006728   0x08006728   0x000000b4   Code   RO         1492    .text.xTimerCreateTimerTask  timers.o
    0x080067dc   0x080067dc   0x0000002c   Code   RO         2124    locale$$code        c_w.l(lc_ctype_c.o)
    0x08006808   0x08006808   0x0000001a   Code   RO         2196    x$fpl$fpinit        fz_wm.l(fpinit.o)
    0x08006822   0x08006822   0x00000002   PAD
    0x08006824   0x08006824   0x00000024   Data   RO         1779    .rodata..L__const.Debug_Task_Init.attr  my_task.o
    0x08006848   0x08006848   0x00000024   Data   RO         1776    .rodata..L__const.Led_Task_Init.attr  my_task.o
    0x0800686c   0x0800686c   0x00000010   Data   RO         1183    .rodata.AHBPrescTable  system_stm32f4xx.o
    0x0800687c   0x0800687c   0x00000008   Data   RO         1184    .rodata.APBPrescTable  system_stm32f4xx.o
    0x08006884   0x08006884   0x00000008   Data   RO          704    .rodata.cst8        stm32f4xx_hal_dma.o
    0x0800688c   0x0800688c   0x00000024   Data   RO           42    .rodata.defaultTask_attributes  freertos.o
    0x080068b0   0x080068b0   0x0000000c   Data   RO           41    .rodata.str1.1      freertos.o
    0x080068bc   0x080068bc   0x00000005   Data   RO         1532    .rodata.str1.1      timers.o
    0x080068c1   0x080068c1   0x00000014   Data   RO         1775    .rodata.str1.1      my_task.o
    0x080068d5   0x080068d5   0x0000000b   Data   RO         1798    .rodata.str1.1      motor_task.o
    0x080068e0   0x080068e0   0x00000020   Data   RO         2257    Region$$Table       anon$$obj.o
    0x08006900   0x08006900   0x00000110   Data   RO         2123    locale$$data        c_w.l(lc_ctype_c.o)


    Execution Region RW_IRAM1 (Exec base: 0x20000000, Load base: 0x08006a10, Size: 0x000056f8, Max: 0x0001c000, ABSOLUTE)

    Exec Addr    Load Addr    Size         Type   Attr      Idx    E Section Name        Object

    0x20000000   0x08006a10   0x00000008   Data   RW          882    .data..L_MergedGlobals  stm32f4xx_hal.o
    0x20000008   0x08006a18   0x00000004   Data   RW         1182    .data.SystemCoreClock  system_stm32f4xx.o
    0x2000000c   0x08006a1c   0x00000002   Data   RW         1834    .data.speed_x       tripod_head_task.o
    0x2000000e   0x08006a1e   0x00000002   PAD
    0x20000010   0x08006a20   0x00000004   Data   RW         1753    .data.uxCriticalNesting  port.o
    0x20000014   0x08006a24   0x00000004   PAD
    0x20000018        -       0x00000060   Zero   RW         2112    .bss                c_w.l(libspace.o)
    0x20000078        -       0x00000078   Zero   RW         1482    .bss..L_MergedGlobals  tasks.o
    0x200000f0        -       0x0000003c   Zero   RW         1533    .bss..L_MergedGlobals  timers.o
    0x2000012c        -       0x00000020   Zero   RW         1718    .bss..L_MergedGlobals  heap_4.o
    0x2000014c        -       0x00000008   Zero   RW         1754    .bss..L_MergedGlobals  port.o
    0x20000154        -       0x00000008   Zero   RW         1780    .bss..L_MergedGlobals  my_task.o
    0x2000015c        -       0x00000006   Zero   RW         1966    .bss..L_MergedGlobals  key.o
    0x20000162   0x08006a24   0x00000006   PAD
    0x20000168        -       0x00000042   Zero   RW         1982    .bss..L_MergedGlobals  jy901p.o
    0x200001aa   0x08006a24   0x00000002   PAD
    0x200001ac        -       0x00000074   Zero   RW         1996    .bss..L_MergedGlobals  k230.o
    0x20000220        -       0x00000028   Zero   RW         1483    .bss..L_MergedGlobals.1  tasks.o
    0x20000248        -       0x0000000c   Zero   RW         1838    .bss..L_MergedGlobals.1  tripod_head_task.o
    0x20000254        -       0x00000010   Zero   RW         1904    .bss.Emm_V5_Pos_Control.cmd  stepper_motor.o
    0x20000264        -       0x00000004   Zero   RW         1692    .bss.KernelState    cmsis_os2.o
    0x20000268        -       0x00000002   Zero   RW         1777    .bss.Led_Task.cnt   my_task.o
    0x2000026a   0x08006a24   0x00000002   PAD
    0x2000026c        -       0x00000004   Zero   RW           43    .bss.defaultTaskHandle  freertos.o
    0x20000270        -       0x00000060   Zero   RW          136    .bss.hdma_uart4_rx  usart.o
    0x200002d0        -       0x00000060   Zero   RW          137    .bss.hdma_uart4_tx  usart.o
    0x20000330        -       0x00000060   Zero   RW          138    .bss.hdma_usart1_rx  usart.o
    0x20000390        -       0x00000060   Zero   RW          139    .bss.hdma_usart1_tx  usart.o
    0x200003f0        -       0x00000054   Zero   RW           68    .bss.hi2c1          i2c.o
    0x20000444        -       0x00000054   Zero   RW           69    .bss.hi2c2          i2c.o
    0x20000498        -       0x00000004   Zero   RW         1799    .bss.hmotor         motor_task.o
    0x2000049c        -       0x00000048   Zero   RW          102    .bss.htim1          tim.o
    0x200004e4        -       0x00000048   Zero   RW          108    .bss.htim12         tim.o
    0x2000052c        -       0x00000048   Zero   RW          103    .bss.htim3          tim.o
    0x20000574        -       0x00000048   Zero   RW          104    .bss.htim4          tim.o
    0x200005bc        -       0x00000048   Zero   RW          105    .bss.htim5          tim.o
    0x20000604        -       0x00000048   Zero   RW          106    .bss.htim6          tim.o
    0x2000064c        -       0x00000048   Zero   RW          204    .bss.htim7          stm32f4xx_hal_timebase_tim.o
    0x20000694        -       0x00000048   Zero   RW          107    .bss.htim9          tim.o
    0x200006dc        -       0x00000048   Zero   RW          132    .bss.huart1         usart.o
    0x20000724        -       0x00000048   Zero   RW          133    .bss.huart2         usart.o
    0x2000076c        -       0x00000048   Zero   RW          134    .bss.huart3         usart.o
    0x200007b4        -       0x00000048   Zero   RW          131    .bss.huart4         usart.o
    0x200007fc        -       0x00000048   Zero   RW          135    .bss.huart6         usart.o
    0x20000844        -       0x000000a0   Zero   RW         1531    .bss.prvCheckForValidListAndQueue.ucStaticTimerQueueStorage  timers.o
    0x200008e4        -       0x00000050   Zero   RW         1530    .bss.prvCheckForValidListAndQueue.xStaticTimerQueue  timers.o
    0x20000934        -       0x00000460   Zero   RW         1481    .bss.pxReadyTasksLists  tasks.o
    0x20000d94        -       0x00000064   Zero   RW         1981    .bss.rx_buff        jy901p.o
    0x20000df8        -       0x00003c00   Zero   RW         1717    .bss.ucHeap         heap_4.o
    0x200049f8        -       0x00000004   Zero   RW          881    .bss.uwTick         stm32f4xx_hal.o
    0x200049fc        -       0x00000200   Zero   RW         1694    .bss.vApplicationGetIdleTaskMemory.Idle_Stack  cmsis_os2.o
    0x20004bfc        -       0x0000005c   Zero   RW         1693    .bss.vApplicationGetIdleTaskMemory.Idle_TCB  cmsis_os2.o
    0x20004c58        -       0x00000400   Zero   RW         1696    .bss.vApplicationGetTimerTaskMemory.Timer_Stack  cmsis_os2.o
    0x20005058        -       0x0000005c   Zero   RW         1695    .bss.vApplicationGetTimerTaskMemory.Timer_TCB  cmsis_os2.o
    0x200050b4        -       0x00000040   Zero   RW         1314    .bss.xQueueRegistry  queue.o
    0x200050f4   0x08006a24   0x00000004   PAD
    0x200050f8        -       0x00000200   Zero   RW            2    HEAP                startup_stm32f407xx.o
    0x200052f8        -       0x00000400   Zero   RW            1    STACK               startup_stm32f407xx.o


    Execution Region RW_IRAM2 (Exec base: 0x2001c000, Load base: 0x08006a28, Size: 0x00000000, Max: 0x00004000, ABSOLUTE)

    **** No section assigned to this execution region ****


==============================================================================

Image component sizes


      Code (inc. data)   RO Data    RW Data    ZI Data      Debug   Object Name

       460          0          0          0       1724      44689   cmsis_os2.o
       124          0          0          0          0       3498   dma.o
        44          0         48          0          4       2802   freertos.o
       292          0          0          0          0       2252   gpio.o
       734          0          0          0      15392       5597   heap_4.o
       346          0          0          0        168       5453   i2c.o
       162          6          0          0        166       4083   jy901p.o
       112         24          0          0        116       3904   k230.o
       146          0          0          0          6       1617   key.o
       190          0          0          0          0       2323   list.o
       284          0          0          0          0       6179   main.o
       140         36         11          0          4       3547   motor_task.o
       246          0         92          0         10       6504   my_task.o
       994         16          0          4          8       4170   port.o
      1568          0          0          0         64      28126   queue.o
        64         26        392          0       1536        836   startup_stm32f407xx.o
       102          0          0          0         16       8284   stepper_motor.o
        92          0          0          8          4       7289   stm32f4xx_hal.o
       156          0          0          0          0      10810   stm32f4xx_hal_cortex.o
      1138          6          8          0          0      10592   stm32f4xx_hal_dma.o
       458          0          0          0          0       5251   stm32f4xx_hal_gpio.o
       374          0          0          0          0      42359   stm32f4xx_hal_i2c.o
        66          0          0          0          0       3523   stm32f4xx_hal_msp.o
      1482          0          0          0          0       7443   stm32f4xx_hal_rcc.o
      2426          4          0          0          0      55163   stm32f4xx_hal_tim.o
       186          0          0          0          0      21183   stm32f4xx_hal_tim_ex.o
       188          0          0          0         72       7256   stm32f4xx_hal_timebase_tim.o
      3062          0          0          0          0      32137   stm32f4xx_hal_uart.o
       144          0          0          0          0       6353   stm32f4xx_it.o
        18          0         24          4          0       2581   system_stm32f4xx.o
      3312          8          0          0       1280      42994   tasks.o
       528          6          0          0          0       5083   tb6612.o
      1646          0          0          0        504      11100   tim.o
      1086         20          5          0        300      16070   timers.o
        68          0          0          2         12       6343   tripod_head_task.o
      1104          0          0          0        744       8587   usart.o

    ----------------------------------------------------------------------
     23740        164        612         20      22148     435981   Object Totals
         0          0         32          0          0          0   (incl. Generated)
       198         12          0          2         18          0   (incl. Padding)

    ----------------------------------------------------------------------

      Code (inc. data)   RO Data    RW Data    ZI Data      Debug   Library Member Name

        60          8          0          0          0         84   __0sscanf.o
         8          0          0          0          0         68   __main.o
         0          0          0          0          0          0   __rtentry.o
        12          0          0          0          0          0   __rtentry2.o
         6          0          0          0          0          0   __rtentry4.o
        52          8          0          0          0          0   __scatter.o
        26          0          0          0          0          0   __scatter_copy.o
        28          0          0          0          0          0   __scatter_zi.o
        28          0          0          0          0         68   _chval.o
       884          6          0          0          0        100   _scanf.o
       332          0          0          0          0         96   _scanf_int.o
        64          0          0          0          0         84   _sgetc.o
        16          0          0          0          0         68   aeabi_memset4.o
        18          0          0          0          0         80   exit.o
         6          0          0          0          0        152   heapauxi.o
         0          0          0          0          0          0   indicate_semi.o
        18          0          0          0          0         76   isspace.o
        44         10        272          0          0         76   lc_ctype_c.o
         2          0          0          0          0          0   libinit.o
        24          0          0          0          0          0   libinit2.o
         2          0          0          0          0          0   libshutdown.o
         2          0          0          0          0          0   libshutdown2.o
         8          4          0          0         96         68   libspace.o
       240          0          0          0          0        100   lludivv7m.o
        16          4          0          0          0         76   rt_ctype_table.o
         8          4          0          0          0         68   rt_locale_intlibspace.o
        78          0          0          0          0         80   rt_memclr_w.o
       138          0          0          0          0         68   rt_memcpy_v6.o
       100          0          0          0          0         80   rt_memcpy_w.o
         2          0          0          0          0          0   rtexit.o
        10          0          0          0          0          0   rtexit2.o
        44          8          0          0          0         84   scanf_char.o
       124          0          0          0          0         88   strcmpv7em.o
        12          4          0          0          0         68   sys_exit.o
        74          0          0          0          0         80   sys_stackheap_outer.o
         2          0          0          0          0         68   use_no_semi.o
        26          0          0          0          0        116   fpinit.o

    ----------------------------------------------------------------------
      2528         56        272          0         96       1996   Library Totals
        14          0          0          0          0          0   (incl. Padding)

    ----------------------------------------------------------------------

      Code (inc. data)   RO Data    RW Data    ZI Data      Debug   Library Name

      2488         56        272          0         96       1880   c_w.l
        26          0          0          0          0        116   fz_wm.l

    ----------------------------------------------------------------------
      2528         56        272          0         96       1996   Library Totals

    ----------------------------------------------------------------------

==============================================================================


      Code (inc. data)   RO Data    RW Data    ZI Data      Debug   

     26268        220        884         20      22244     436309   Grand Totals
     26268        220        884         20      22244     436309   ELF Image Totals
     26268        220        884         20          0          0   ROM Totals

==============================================================================

    Total RO  Size (Code + RO Data)                27152 (  26.52kB)
    Total RW  Size (RW Data + ZI Data)             22264 (  21.74kB)
    Total ROM Size (Code + RO Data + RW Data)      27172 (  26.54kB)

==============================================================================

